<html>
<body>
<pre>
<h1>µVision Build Log</h1>
<h2>Tool Versions:</h2>
IDE-Version: µVision V5.36.0.0
Copyright (C) 2021 ARM Ltd and ARM Germany GmbH. All rights reserved.
License Information: Faseeh Ahmed, Pakistan Institute of Engineering and Applied Sciences, LIC=8MZI6-D66QQ-BX7UY-I5TW3-MN306-I0AQU
 
Tool Versions:
Toolchain:       MDK-ARM Professional  Version: 5.36.0.0
Toolchain Path:  C:\Keil_v5\ARM\ARMCC\Bin
C Compiler:      Armcc.exe V5.06 update 7 (build 960)
Assembler:       Armasm.exe V5.06 update 7 (build 960)
Linker/Locator:  ArmLink.exe V5.06 update 7 (build 960)
Library Manager: ArmAr.exe V5.06 update 7 (build 960)
Hex Converter:   FromElf.exe V5.06 update 7 (build 960)
CPU DLL:         SARMCM3.DLL V5.36.0.0
Dialog DLL:      DCM.DLL V1.17.3.0
Target DLL:      STLink\ST-LINKIII-KEIL_SWO.dll V3.0.9.0
Dialog DLL:      TCM.DLL V1.53.0.0
 
<h2>Project:</h2>
E:\Uni Stuff\Semester 4\MPI\CEP\Input and Response from LCD (V8)\Input and Response from LCD\Project\Input and Response from LCD\MDK-ARM\Input and Response from LCD.uvprojx
Project File Date:  05/23/2023

<h2>Output:</h2>
*** Using Compiler 'V5.06 update 7 (build 960)', folder: 'C:\Keil_v5\ARM\ARMCC\Bin'
Build target 'Input and Response from LCD'
Note: source file '..\..\..\Libraries\st7735.c' - object file renamed from 'Input and Response from LCD\st7735.o' to 'Input and Response from LCD\st7735_1.o'.
compiling main.c...
../Core/Src/main.c(110): warning:  #1295-D: Deprecated declaration Menu_Init - give arg types
  void Menu_Init();
../Core/Src/main.c(111): warning:  #1295-D: Deprecated declaration Game_Init - give arg types
  void Game_Init();
../Core/Src/main.c(112): warning:  #1295-D: Deprecated declaration Game_draw - give arg types
  void Game_draw();
../Core/Src/main.c(113): warning:  #1295-D: Deprecated declaration New_Apple - give arg types
  void New_Apple();
../Core/Src/main.c(114): warning:  #1295-D: Deprecated declaration Game_move - give arg types
  int Game_move();
../Core/Src/main.c(115): warning:  #1295-D: Deprecated declaration Loss_Message - give arg types
  void Loss_Message();
../Core/Src/main.c(116): warning:  #1295-D: Deprecated declaration Loss_Check - give arg types
  void Loss_Check();
../Core/Src/main.c(117): warning:  #1295-D: Deprecated declaration goUp - give arg types
  void goUp();
../Core/Src/main.c(118): warning:  #1295-D: Deprecated declaration goDown - give arg types
  void goDown();
../Core/Src/main.c(119): warning:  #1295-D: Deprecated declaration goLeft - give arg types
  void goLeft();
../Core/Src/main.c(120): warning:  #1295-D: Deprecated declaration goRight - give arg types
  void goRight();
../Core/Src/main.c: 11 warnings, 0 errors
linking...
Program Size: Code=6120 RO-data=2320 RW-data=84 ZI-data=2748  
FromELF: creating hex file...
"Input and Response from LCD\Input and Response from LCD.axf" - 0 Error(s), 11 Warning(s).

<h2>Software Packages used:</h2>

Package Vendor: ARM
                http://www.keil.com/pack/ARM.CMSIS.5.8.0.pack
                ARM.CMSIS.5.8.0
                CMSIS (Common Microcontroller Software Interface Standard)
   * Component: CORE Version: 5.5.0

Package Vendor: Keil
                https://www.keil.com/pack/Keil.STM32F1xx_DFP.2.4.1.pack
                Keil.STM32F1xx_DFP.2.4.1
                STMicroelectronics STM32F1 Series Device Support, Drivers and Examples

<h2>Collection of Component include folders:</h2>
  .\RTE\_Input_and_Response_from_LCD
  C:\Users\Faseeh\AppData\Local\Arm\Packs\ARM\CMSIS\5.8.0\CMSIS\Core\Include
  C:\Users\Faseeh\AppData\Local\Arm\Packs\Keil\STM32F1xx_DFP\2.4.1\Device\Include

<h2>Collection of Component Files used:</h2>

   * Component: ARM::CMSIS:CORE:5.5.0
      Include file:  CMSIS\Core\Include\tz_context.h
Build Time Elapsed:  00:00:02
</pre>
</body>
</html>
