Component: ARM Compiler 5.06 update 7 (build 960) Tool: armlink [4d3601]

==============================================================================

Section Cross References

    startup_stm32f103xb.o(STACK) refers (Special) to heapauxi.o(.text) for __use_two_region_memory
    startup_stm32f103xb.o(HEAP) refers (Special) to heapauxi.o(.text) for __use_two_region_memory
    startup_stm32f103xb.o(RESET) refers (Special) to heapauxi.o(.text) for __use_two_region_memory
    startup_stm32f103xb.o(RESET) refers to startup_stm32f103xb.o(STACK) for __initial_sp
    startup_stm32f103xb.o(RESET) refers to startup_stm32f103xb.o(.text) for Reset_Handler
    startup_stm32f103xb.o(RESET) refers to stm32f1xx_it.o(i.NMI_Handler) for NMI_Handler
    startup_stm32f103xb.o(RESET) refers to stm32f1xx_it.o(i.HardFault_Handler) for HardFault_Handler
    startup_stm32f103xb.o(RESET) refers to stm32f1xx_it.o(i.MemManage_Handler) for MemManage_Handler
    startup_stm32f103xb.o(RESET) refers to stm32f1xx_it.o(i.BusFault_Handler) for BusFault_Handler
    startup_stm32f103xb.o(RESET) refers to stm32f1xx_it.o(i.UsageFault_Handler) for UsageFault_Handler
    startup_stm32f103xb.o(RESET) refers to stm32f1xx_it.o(i.SVC_Handler) for SVC_Handler
    startup_stm32f103xb.o(RESET) refers to stm32f1xx_it.o(i.DebugMon_Handler) for DebugMon_Handler
    startup_stm32f103xb.o(RESET) refers to stm32f1xx_it.o(i.PendSV_Handler) for PendSV_Handler
    startup_stm32f103xb.o(RESET) refers to stm32f1xx_it.o(i.SysTick_Handler) for SysTick_Handler
    startup_stm32f103xb.o(RESET) refers to stm32f1xx_it.o(i.EXTI1_IRQHandler) for EXTI1_IRQHandler
    startup_stm32f103xb.o(RESET) refers to stm32f1xx_it.o(i.EXTI2_IRQHandler) for EXTI2_IRQHandler
    startup_stm32f103xb.o(RESET) refers to stm32f1xx_it.o(i.EXTI3_IRQHandler) for EXTI3_IRQHandler
    startup_stm32f103xb.o(RESET) refers to stm32f1xx_it.o(i.EXTI4_IRQHandler) for EXTI4_IRQHandler
    startup_stm32f103xb.o(.text) refers (Special) to heapauxi.o(.text) for __use_two_region_memory
    startup_stm32f103xb.o(.text) refers to system_stm32f1xx.o(i.SystemInit) for SystemInit
    startup_stm32f103xb.o(.text) refers to __main.o(!!!main) for __main
    startup_stm32f103xb.o(.text) refers to startup_stm32f103xb.o(HEAP) for Heap_Mem
    startup_stm32f103xb.o(.text) refers to startup_stm32f103xb.o(STACK) for Stack_Mem
    fonts.o(.data) refers to fonts.o(.constdata) for Font7x10
    fonts.o(.data) refers to fonts.o(.constdata) for Font11x18
    fonts.o(.data) refers to fonts.o(.constdata) for Font16x26
    st7735_1.o(i.ST7735_Backlight_Off) refers to stm32f1xx_hal_gpio.o(i.HAL_GPIO_WritePin) for HAL_GPIO_WritePin
    st7735_1.o(i.ST7735_Backlight_On) refers to stm32f1xx_hal_gpio.o(i.HAL_GPIO_WritePin) for HAL_GPIO_WritePin
    st7735_1.o(i.ST7735_DrawCircle) refers to st7735_1.o(i.ST7735_DrawPixel) for ST7735_DrawPixel
    st7735_1.o(i.ST7735_DrawCircleHelper) refers to st7735_1.o(i.ST7735_DrawPixel) for ST7735_DrawPixel
    st7735_1.o(i.ST7735_DrawEllipse) refers to st7735_1.o(i.ST7735_DrawPixel) for ST7735_DrawPixel
    st7735_1.o(i.ST7735_DrawFastHLine) refers to st7735_1.o(i.ST7735_DrawLine) for ST7735_DrawLine
    st7735_1.o(i.ST7735_DrawFastHLine) refers to st7735_1.o(.data) for .data
    st7735_1.o(i.ST7735_DrawFastVLine) refers to st7735_1.o(i.ST7735_DrawLine) for ST7735_DrawLine
    st7735_1.o(i.ST7735_DrawFastVLine) refers to st7735_1.o(.data) for .data
    st7735_1.o(i.ST7735_DrawImage) refers to stm32f1xx_hal_gpio.o(i.HAL_GPIO_WritePin) for HAL_GPIO_WritePin
    st7735_1.o(i.ST7735_DrawImage) refers to st7735_1.o(i.ST7735_SetAddressWindow) for ST7735_SetAddressWindow
    st7735_1.o(i.ST7735_DrawImage) refers to st7735_1.o(i.ST7735_WriteData) for ST7735_WriteData
    st7735_1.o(i.ST7735_DrawImage) refers to st7735_1.o(.data) for .data
    st7735_1.o(i.ST7735_DrawLine) refers to st7735_1.o(i.ST7735_DrawPixel) for ST7735_DrawPixel
    st7735_1.o(i.ST7735_DrawPixel) refers to stm32f1xx_hal_gpio.o(i.HAL_GPIO_WritePin) for HAL_GPIO_WritePin
    st7735_1.o(i.ST7735_DrawPixel) refers to st7735_1.o(i.ST7735_SetAddressWindow) for ST7735_SetAddressWindow
    st7735_1.o(i.ST7735_DrawPixel) refers to st7735_1.o(i.ST7735_WriteData) for ST7735_WriteData
    st7735_1.o(i.ST7735_DrawPixel) refers to st7735_1.o(.data) for .data
    st7735_1.o(i.ST7735_DrawRect) refers to st7735_1.o(i.ST7735_DrawFastHLine) for ST7735_DrawFastHLine
    st7735_1.o(i.ST7735_DrawRect) refers to st7735_1.o(i.ST7735_DrawFastVLine) for ST7735_DrawFastVLine
    st7735_1.o(i.ST7735_DrawRoundRect) refers to st7735_1.o(i.ST7735_DrawFastHLine) for ST7735_DrawFastHLine
    st7735_1.o(i.ST7735_DrawRoundRect) refers to st7735_1.o(i.ST7735_DrawFastVLine) for ST7735_DrawFastVLine
    st7735_1.o(i.ST7735_DrawRoundRect) refers to st7735_1.o(i.ST7735_DrawCircleHelper) for ST7735_DrawCircleHelper
    st7735_1.o(i.ST7735_DrawString) refers to stm32f1xx_hal_gpio.o(i.HAL_GPIO_WritePin) for HAL_GPIO_WritePin
[...]
    __raise.o(.text) refers to defsig.o(CL$$defsig) for __default_signal_handler
    defsig_general.o(.text) refers to sys_wrch.o(.text) for _ttywrch
    libshutdown2.o(.ARM.Collect$$libshutdown$$0000000F) refers (Weak) to term_alloc.o(.text) for _terminate_alloc
    sys_wrch.o(.text) refers (Special) to use_no_semi.o(.text) for __I$use$semihosting
    sys_wrch.o(.text) refers (Special) to indicate_semi.o(.text) for __semihosting_library_function
    rtexit2.o(.ARM.Collect$$rtexit$$00000003) refers to libshutdown.o(.ARM.Collect$$libshutdown$$00000000) for __rt_lib_shutdown
    rtexit2.o(.ARM.Collect$$rtexit$$00000004) refers to sys_exit.o(.text) for _sys_exit
    rtexit2.o(.ARM.exidx) refers to rtexit2.o(.ARM.Collect$$rtexit$$00000001) for .ARM.Collect$$rtexit$$00000001
    rtexit2.o(.ARM.exidx) refers to rtexit2.o(.ARM.Collect$$rtexit$$00000003) for .ARM.Collect$$rtexit$$00000003
    rtexit2.o(.ARM.exidx) refers to rtexit2.o(.ARM.Collect$$rtexit$$00000004) for .ARM.Collect$$rtexit$$00000004
    defsig.o(CL$$defsig) refers to defsig_rtmem_inner.o(.text) for __rt_SIGRTMEM_inner
    defsig_abrt_inner.o(.text) refers to defsig_general.o(.text) for __default_signal_display
    defsig_fpe_inner.o(.text) refers to defsig_general.o(.text) for __default_signal_display
    defsig_rtred_inner.o(.text) refers to defsig_general.o(.text) for __default_signal_display
    defsig_stak_inner.o(.text) refers to defsig_general.o(.text) for __default_signal_display
    defsig_pvfn_inner.o(.text) refers to defsig_general.o(.text) for __default_signal_display
    defsig_cppl_inner.o(.text) refers to defsig_general.o(.text) for __default_signal_display
    defsig_segv_inner.o(.text) refers to defsig_general.o(.text) for __default_signal_display
    defsig_other.o(.text) refers to defsig_general.o(.text) for __default_signal_display
    libshutdown.o(.ARM.Collect$$libshutdown$$00000000) refers (Special) to libshutdown2.o(.ARM.Collect$$libshutdown$$00000004) for __rt_lib_shutdown_cpp_1
    libshutdown.o(.ARM.Collect$$libshutdown$$00000000) refers (Special) to libshutdown2.o(.ARM.Collect$$libshutdown$$00000002) for __rt_lib_shutdown_fini_1
    libshutdown.o(.ARM.Collect$$libshutdown$$00000000) refers (Special) to libshutdown2.o(.ARM.Collect$$libshutdown$$00000009) for __rt_lib_shutdown_fp_trap_1
    libshutdown.o(.ARM.Collect$$libshutdown$$00000000) refers (Special) to libshutdown2.o(.ARM.Collect$$libshutdown$$00000011) for __rt_lib_shutdown_heap_1
    libshutdown.o(.ARM.Collect$$libshutdown$$00000000) refers (Special) to libshutdown2.o(.ARM.Collect$$libshutdown$$00000012) for __rt_lib_shutdown_return
    libshutdown.o(.ARM.Collect$$libshutdown$$00000000) refers (Special) to libshutdown2.o(.ARM.Collect$$libshutdown$$0000000C) for __rt_lib_shutdown_signal_1
    libshutdown.o(.ARM.Collect$$libshutdown$$00000000) refers (Special) to libshutdown2.o(.ARM.Collect$$libshutdown$$00000006) for __rt_lib_shutdown_stdio_1
    libshutdown.o(.ARM.Collect$$libshutdown$$00000000) refers (Special) to libshutdown2.o(.ARM.Collect$$libshutdown$$0000000E) for __rt_lib_shutdown_user_alloc_1


==============================================================================

Removing Unused input sections from the image.

    Removing fonts.o(.constdata), (3420 bytes).
    Removing fonts.o(.constdata), (4940 bytes).
    Removing fonts.o(.data), (8 bytes).
    Removing fonts.o(.data), (8 bytes).
    Removing st7735_1.o(.rev16_text), (4 bytes).
    Removing st7735_1.o(.revsh_text), (4 bytes).
    Removing st7735_1.o(.rrx_text), (6 bytes).
    Removing st7735_1.o(i.ST7735_Backlight_Off), (16 bytes).
    Removing st7735_1.o(i.ST7735_Backlight_On), (16 bytes).
    Removing st7735_1.o(i.ST7735_DrawCircle), (272 bytes).
    Removing st7735_1.o(i.ST7735_DrawCircleHelper), (230 bytes).
    Removing st7735_1.o(i.ST7735_DrawEllipse), (328 bytes).
    Removing st7735_1.o(i.ST7735_DrawFastHLine), (56 bytes).
    Removing st7735_1.o(i.ST7735_DrawFastVLine), (52 bytes).
    Removing st7735_1.o(i.ST7735_DrawImage), (120 bytes).
    Removing st7735_1.o(i.ST7735_DrawLine), (160 bytes).
    Removing st7735_1.o(i.ST7735_DrawPixel), (104 bytes).
    Removing st7735_1.o(i.ST7735_DrawRect), (70 bytes).
    Removing st7735_1.o(i.ST7735_DrawRoundRect), (178 bytes).
    Removing st7735_1.o(i.ST7735_DrawTouchGFX), (180 bytes).
    Removing st7735_1.o(i.ST7735_DrawTriangle), (56 bytes).
    Removing st7735_1.o(i.ST7735_FillCircle), (50 bytes).
    Removing st7735_1.o(i.ST7735_FillCircleHelper), (188 bytes).
    Removing st7735_1.o(i.ST7735_FillEllipse), (262 bytes).
    Removing st7735_1.o(i.ST7735_FillRoundRect), (98 bytes).
    Removing st7735_1.o(i.ST7735_FillTriangle), (356 bytes).
    Removing st7735_1.o(i.ST7735_GetHeight), (12 bytes).
    Removing st7735_1.o(i.ST7735_GetRotation), (12 bytes).
    Removing st7735_1.o(i.ST7735_GetWidth), (12 bytes).
    Removing st7735_1.o(i.ST7735_InvertColors), (52 bytes).
    Removing main.o(.rev16_text), (4 bytes).
    Removing main.o(.revsh_text), (4 bytes).
    Removing main.o(.rrx_text), (6 bytes).
    Removing main.o(i.Error_Handler), (4 bytes).
    Removing stm32f1xx_it.o(.rev16_text), (4 bytes).
    Removing stm32f1xx_it.o(.revsh_text), (4 bytes).
    Removing stm32f1xx_it.o(.rrx_text), (6 bytes).
    Removing stm32f1xx_hal_msp.o(.rev16_text), (4 bytes).
    Removing stm32f1xx_hal_msp.o(.revsh_text), (4 bytes).
    Removing stm32f1xx_hal_msp.o(.rrx_text), (6 bytes).
    Removing stm32f1xx_hal_msp.o(i.HAL_SPI_MspDeInit), (40 bytes).
    Removing stm32f1xx_hal_gpio_ex.o(.rev16_text), (4 bytes).
    Removing stm32f1xx_hal_gpio_ex.o(.revsh_text), (4 bytes).
    Removing stm32f1xx_hal_gpio_ex.o(.rrx_text), (6 bytes).
    Removing stm32f1xx_hal_gpio_ex.o(i.HAL_GPIOEx_ConfigEventout), (20 bytes).
    Removing stm32f1xx_hal_gpio_ex.o(i.HAL_GPIOEx_DisableEventout), (16 bytes).
    Removing stm32f1xx_hal_gpio_ex.o(i.HAL_GPIOEx_EnableEventout), (16 bytes).
    Removing stm32f1xx_hal_spi.o(.rev16_text), (4 bytes).
    Removing stm32f1xx_hal_spi.o(.revsh_text), (4 bytes).
    Removing stm32f1xx_hal_spi.o(.rrx_text), (6 bytes).
    Removing stm32f1xx_hal_spi.o(i.HAL_SPI_Abort), (288 bytes).
    Removing stm32f1xx_hal_spi.o(i.HAL_SPI_AbortCpltCallback), (2 bytes).
    Removing stm32f1xx_hal_spi.o(i.HAL_SPI_Abort_IT), (288 bytes).
    Removing stm32f1xx_hal_spi.o(i.HAL_SPI_DMAPause), (38 bytes).
    Removing stm32f1xx_hal_spi.o(i.HAL_SPI_DMAResume), (38 bytes).
    Removing stm32f1xx_hal_spi.o(i.HAL_SPI_DMAStop), (66 bytes).
    Removing stm32f1xx_hal_spi.o(i.HAL_SPI_DeInit), (46 bytes).
    Removing stm32f1xx_hal_spi.o(i.HAL_SPI_ErrorCallback), (2 bytes).
    Removing stm32f1xx_hal_spi.o(i.HAL_SPI_GetError), (4 bytes).
    Removing stm32f1xx_hal_spi.o(i.HAL_SPI_GetState), (6 bytes).
    Removing stm32f1xx_hal_spi.o(i.HAL_SPI_IRQHandler), (224 bytes).
    Removing stm32f1xx_hal_spi.o(i.HAL_SPI_MspDeInit), (2 bytes).
    Removing stm32f1xx_hal_spi.o(i.HAL_SPI_MspInit), (2 bytes).
    Removing stm32f1xx_hal_spi.o(i.HAL_SPI_Receive), (342 bytes).
    Removing stm32f1xx_hal_spi.o(i.HAL_SPI_Receive_DMA), (236 bytes).
    Removing stm32f1xx_hal_spi.o(i.HAL_SPI_Receive_IT), (176 bytes).
    Removing stm32f1xx_hal_spi.o(i.HAL_SPI_RxCpltCallback), (2 bytes).
    Removing stm32f1xx_hal_spi.o(i.HAL_SPI_RxHalfCpltCallback), (2 bytes).
    Removing stm32f1xx_hal_spi.o(i.HAL_SPI_TransmitReceive), (494 bytes).
    Removing stm32f1xx_hal_spi.o(i.HAL_SPI_TransmitReceive_DMA), (276 bytes).
    Removing stm32f1xx_hal_spi.o(i.HAL_SPI_TransmitReceive_IT), (164 bytes).
    Removing stm32f1xx_hal_spi.o(i.HAL_SPI_Transmit_DMA), (204 bytes).
    Removing stm32f1xx_hal_spi.o(i.HAL_SPI_Transmit_IT), (148 bytes).
    Removing stm32f1xx_hal_spi.o(i.HAL_SPI_TxCpltCallback), (2 bytes).
    Removing stm32f1xx_hal_spi.o(i.HAL_SPI_TxHalfCpltCallback), (2 bytes).
    Removing stm32f1xx_hal_spi.o(i.HAL_SPI_TxRxCpltCallback), (2 bytes).
    Removing stm32f1xx_hal_spi.o(i.HAL_SPI_TxRxHalfCpltCallback), (2 bytes).
    Removing stm32f1xx_hal_spi.o(i.SPI_2linesRxISR_16BIT), (48 bytes).
    Removing stm32f1xx_hal_spi.o(i.SPI_2linesRxISR_8BIT), (48 bytes).
    Removing stm32f1xx_hal_spi.o(i.SPI_2linesTxISR_16BIT), (48 bytes).
    Removing stm32f1xx_hal_spi.o(i.SPI_2linesTxISR_8BIT), (48 bytes).
    Removing stm32f1xx_hal_spi.o(i.SPI_AbortRx_ISR), (88 bytes).
    Removing stm32f1xx_hal_spi.o(i.SPI_AbortTx_ISR), (28 bytes).
    Removing stm32f1xx_hal_spi.o(i.SPI_CloseRxTx_ISR), (144 bytes).
    Removing stm32f1xx_hal_spi.o(i.SPI_CloseRx_ISR), (76 bytes).
    Removing stm32f1xx_hal_spi.o(i.SPI_CloseTx_ISR), (124 bytes).
    Removing stm32f1xx_hal_spi.o(i.SPI_DMAAbortOnError), (16 bytes).
    Removing stm32f1xx_hal_spi.o(i.SPI_DMAError), (34 bytes).
    Removing stm32f1xx_hal_spi.o(i.SPI_DMAHalfReceiveCplt), (10 bytes).
    Removing stm32f1xx_hal_spi.o(i.SPI_DMAHalfTransmitCplt), (10 bytes).
    Removing stm32f1xx_hal_spi.o(i.SPI_DMAHalfTransmitReceiveCplt), (10 bytes).
    Removing stm32f1xx_hal_spi.o(i.SPI_DMAReceiveCplt), (106 bytes).
    Removing stm32f1xx_hal_spi.o(i.SPI_DMARxAbortCallback), (98 bytes).
    Removing stm32f1xx_hal_spi.o(i.SPI_DMATransmitCplt), (100 bytes).
    Removing stm32f1xx_hal_spi.o(i.SPI_DMATransmitReceiveCplt), (90 bytes).
    Removing stm32f1xx_hal_spi.o(i.SPI_DMATxAbortCallback), (112 bytes).
    Removing stm32f1xx_hal_spi.o(i.SPI_EndRxTransaction), (92 bytes).
    Removing stm32f1xx_hal_spi.o(i.SPI_RxISR_16BIT), (32 bytes).
    Removing stm32f1xx_hal_spi.o(i.SPI_RxISR_8BIT), (32 bytes).
    Removing stm32f1xx_hal_spi.o(i.SPI_TxISR_16BIT), (32 bytes).
    Removing stm32f1xx_hal_spi.o(i.SPI_TxISR_8BIT), (32 bytes).
    Removing stm32f1xx_hal.o(.rev16_text), (4 bytes).
    Removing stm32f1xx_hal.o(.revsh_text), (4 bytes).
    Removing stm32f1xx_hal.o(.rrx_text), (6 bytes).
    Removing stm32f1xx_hal.o(i.HAL_DBGMCU_DisableDBGSleepMode), (16 bytes).
    Removing stm32f1xx_hal.o(i.HAL_DBGMCU_DisableDBGStandbyMode), (16 bytes).
    Removing stm32f1xx_hal.o(i.HAL_DBGMCU_DisableDBGStopMode), (16 bytes).
    Removing stm32f1xx_hal.o(i.HAL_DBGMCU_EnableDBGSleepMode), (16 bytes).
    Removing stm32f1xx_hal.o(i.HAL_DBGMCU_EnableDBGStandbyMode), (16 bytes).
    Removing stm32f1xx_hal.o(i.HAL_DBGMCU_EnableDBGStopMode), (16 bytes).
    Removing stm32f1xx_hal.o(i.HAL_DeInit), (32 bytes).
    Removing stm32f1xx_hal.o(i.HAL_GetDEVID), (16 bytes).
    Removing stm32f1xx_hal.o(i.HAL_GetHalVersion), (8 bytes).
    Removing stm32f1xx_hal.o(i.HAL_GetREVID), (12 bytes).
    Removing stm32f1xx_hal.o(i.HAL_GetTickFreq), (12 bytes).
    Removing stm32f1xx_hal.o(i.HAL_GetTickPrio), (12 bytes).
    Removing stm32f1xx_hal.o(i.HAL_GetUIDw0), (12 bytes).
    Removing stm32f1xx_hal.o(i.HAL_GetUIDw1), (12 bytes).
    Removing stm32f1xx_hal.o(i.HAL_GetUIDw2), (12 bytes).
    Removing stm32f1xx_hal.o(i.HAL_MspDeInit), (2 bytes).
    Removing stm32f1xx_hal.o(i.HAL_MspInit), (2 bytes).
    Removing stm32f1xx_hal.o(i.HAL_ResumeTick), (14 bytes).
    Removing stm32f1xx_hal.o(i.HAL_SetTickFreq), (36 bytes).
    Removing stm32f1xx_hal.o(i.HAL_SuspendTick), (14 bytes).
    Removing stm32f1xx_hal_rcc.o(.rev16_text), (4 bytes).
    Removing stm32f1xx_hal_rcc.o(.revsh_text), (4 bytes).
    Removing stm32f1xx_hal_rcc.o(.rrx_text), (6 bytes).
    Removing stm32f1xx_hal_rcc.o(i.HAL_RCC_CSSCallback), (2 bytes).
    Removing stm32f1xx_hal_rcc.o(i.HAL_RCC_DeInit), (220 bytes).
    Removing stm32f1xx_hal_rcc.o(i.HAL_RCC_DisableCSS), (12 bytes).
    Removing stm32f1xx_hal_rcc.o(i.HAL_RCC_EnableCSS), (12 bytes).
    Removing stm32f1xx_hal_rcc.o(i.HAL_RCC_GetClockConfig), (64 bytes).
    Removing stm32f1xx_hal_rcc.o(i.HAL_RCC_GetHCLKFreq), (12 bytes).
    Removing stm32f1xx_hal_rcc.o(i.HAL_RCC_GetOscConfig), (144 bytes).
    Removing stm32f1xx_hal_rcc.o(i.HAL_RCC_GetPCLK1Freq), (32 bytes).
    Removing stm32f1xx_hal_rcc.o(i.HAL_RCC_GetPCLK2Freq), (32 bytes).
    Removing stm32f1xx_hal_rcc.o(i.HAL_RCC_MCOConfig), (72 bytes).
    Removing stm32f1xx_hal_rcc.o(i.HAL_RCC_NMI_IRQHandler), (24 bytes).
    Removing stm32f1xx_hal_rcc_ex.o(.rev16_text), (4 bytes).
    Removing stm32f1xx_hal_rcc_ex.o(.revsh_text), (4 bytes).
    Removing stm32f1xx_hal_rcc_ex.o(.rrx_text), (6 bytes).
    Removing stm32f1xx_hal_rcc_ex.o(i.HAL_RCCEx_GetPeriphCLKConfig), (44 bytes).
    Removing stm32f1xx_hal_rcc_ex.o(i.HAL_RCCEx_GetPeriphCLKFreq), (164 bytes).
    Removing stm32f1xx_hal_rcc_ex.o(i.HAL_RCCEx_PeriphCLKConfig), (236 bytes).
    Removing stm32f1xx_hal_rcc_ex.o(.constdata), (18 bytes).
    Removing stm32f1xx_hal_gpio.o(.rev16_text), (4 bytes).
    Removing stm32f1xx_hal_gpio.o(.revsh_text), (4 bytes).
    Removing stm32f1xx_hal_gpio.o(.rrx_text), (6 bytes).
    Removing stm32f1xx_hal_gpio.o(i.HAL_GPIO_DeInit), (280 bytes).
    Removing stm32f1xx_hal_gpio.o(i.HAL_GPIO_EXTI_Callback), (2 bytes).
    Removing stm32f1xx_hal_gpio.o(i.HAL_GPIO_LockPin), (34 bytes).
    Removing stm32f1xx_hal_gpio.o(i.HAL_GPIO_ReadPin), (10 bytes).
    Removing stm32f1xx_hal_dma.o(.rev16_text), (4 bytes).
    Removing stm32f1xx_hal_dma.o(.revsh_text), (4 bytes).
    Removing stm32f1xx_hal_dma.o(.rrx_text), (6 bytes).
    Removing stm32f1xx_hal_dma.o(i.DMA_SetConfig), (42 bytes).
    Removing stm32f1xx_hal_dma.o(i.HAL_DMA_Abort), (70 bytes).
    Removing stm32f1xx_hal_dma.o(i.HAL_DMA_Abort_IT), (152 bytes).
    Removing stm32f1xx_hal_dma.o(i.HAL_DMA_DeInit), (92 bytes).
    Removing stm32f1xx_hal_dma.o(i.HAL_DMA_GetError), (4 bytes).
    Removing stm32f1xx_hal_dma.o(i.HAL_DMA_GetState), (6 bytes).
    Removing stm32f1xx_hal_dma.o(i.HAL_DMA_IRQHandler), (340 bytes).
    Removing stm32f1xx_hal_dma.o(i.HAL_DMA_Init), (92 bytes).
    Removing stm32f1xx_hal_dma.o(i.HAL_DMA_PollForTransfer), (532 bytes).
    Removing stm32f1xx_hal_dma.o(i.HAL_DMA_RegisterCallback), (74 bytes).
    Removing stm32f1xx_hal_dma.o(i.HAL_DMA_Start), (80 bytes).
    Removing stm32f1xx_hal_dma.o(i.HAL_DMA_Start_IT), (112 bytes).
    Removing stm32f1xx_hal_dma.o(i.HAL_DMA_UnRegisterCallback), (82 bytes).
    Removing stm32f1xx_hal_cortex.o(.rev16_text), (4 bytes).
    Removing stm32f1xx_hal_cortex.o(.revsh_text), (4 bytes).
    Removing stm32f1xx_hal_cortex.o(.rrx_text), (6 bytes).
    Removing stm32f1xx_hal_cortex.o(i.HAL_NVIC_ClearPendingIRQ), (26 bytes).
    Removing stm32f1xx_hal_cortex.o(i.HAL_NVIC_DisableIRQ), (34 bytes).
    Removing stm32f1xx_hal_cortex.o(i.HAL_NVIC_GetActive), (36 bytes).
    Removing stm32f1xx_hal_cortex.o(i.HAL_NVIC_GetPendingIRQ), (36 bytes).
    Removing stm32f1xx_hal_cortex.o(i.HAL_NVIC_GetPriority), (82 bytes).
    Removing stm32f1xx_hal_cortex.o(i.HAL_NVIC_GetPriorityGrouping), (16 bytes).
    Removing stm32f1xx_hal_cortex.o(i.HAL_NVIC_SetPendingIRQ), (26 bytes).
    Removing stm32f1xx_hal_cortex.o(i.HAL_NVIC_SystemReset), (36 bytes).
    Removing stm32f1xx_hal_cortex.o(i.HAL_SYSTICK_CLKSourceConfig), (24 bytes).
    Removing stm32f1xx_hal_cortex.o(i.HAL_SYSTICK_Callback), (2 bytes).
    Removing stm32f1xx_hal_cortex.o(i.HAL_SYSTICK_IRQHandler), (8 bytes).
    Removing stm32f1xx_hal_pwr.o(.rev16_text), (4 bytes).
    Removing stm32f1xx_hal_pwr.o(.revsh_text), (4 bytes).
    Removing stm32f1xx_hal_pwr.o(.rrx_text), (6 bytes).
    Removing stm32f1xx_hal_pwr.o(i.HAL_PWR_ConfigPVD), (124 bytes).
    Removing stm32f1xx_hal_pwr.o(i.HAL_PWR_DeInit), (24 bytes).
    Removing stm32f1xx_hal_pwr.o(i.HAL_PWR_DisableBkUpAccess), (12 bytes).
    Removing stm32f1xx_hal_pwr.o(i.HAL_PWR_DisablePVD), (12 bytes).
    Removing stm32f1xx_hal_pwr.o(i.HAL_PWR_DisableSEVOnPend), (16 bytes).
    Removing stm32f1xx_hal_pwr.o(i.HAL_PWR_DisableSleepOnExit), (16 bytes).
    Removing stm32f1xx_hal_pwr.o(i.HAL_PWR_DisableWakeUpPin), (28 bytes).
    Removing stm32f1xx_hal_pwr.o(i.HAL_PWR_EnableBkUpAccess), (12 bytes).
    Removing stm32f1xx_hal_pwr.o(i.HAL_PWR_EnablePVD), (12 bytes).
    Removing stm32f1xx_hal_pwr.o(i.HAL_PWR_EnableSEVOnPend), (16 bytes).
    Removing stm32f1xx_hal_pwr.o(i.HAL_PWR_EnableSleepOnExit), (16 bytes).
    Removing stm32f1xx_hal_pwr.o(i.HAL_PWR_EnableWakeUpPin), (28 bytes).
    Removing stm32f1xx_hal_pwr.o(i.HAL_PWR_EnterSLEEPMode), (32 bytes).
    Removing stm32f1xx_hal_pwr.o(i.HAL_PWR_EnterSTANDBYMode), (32 bytes).
    Removing stm32f1xx_hal_pwr.o(i.HAL_PWR_EnterSTOPMode), (68 bytes).
    Removing stm32f1xx_hal_pwr.o(i.HAL_PWR_PVDCallback), (2 bytes).
    Removing stm32f1xx_hal_pwr.o(i.HAL_PWR_PVD_IRQHandler), (28 bytes).
    Removing stm32f1xx_hal_pwr.o(i.PWR_OverloadWfe), (6 bytes).
    Removing stm32f1xx_hal_flash.o(.rev16_text), (4 bytes).
    Removing stm32f1xx_hal_flash.o(.revsh_text), (4 bytes).
    Removing stm32f1xx_hal_flash.o(.rrx_text), (6 bytes).
    Removing stm32f1xx_hal_flash.o(i.FLASH_Program_HalfWord), (28 bytes).
    Removing stm32f1xx_hal_flash.o(i.FLASH_SetErrorCode), (92 bytes).
    Removing stm32f1xx_hal_flash.o(i.FLASH_WaitForLastOperation), (84 bytes).
    Removing stm32f1xx_hal_flash.o(i.HAL_FLASH_EndOfOperationCallback), (2 bytes).
    Removing stm32f1xx_hal_flash.o(i.HAL_FLASH_GetError), (12 bytes).
    Removing stm32f1xx_hal_flash.o(i.HAL_FLASH_IRQHandler), (264 bytes).
    Removing stm32f1xx_hal_flash.o(i.HAL_FLASH_Lock), (20 bytes).
    Removing stm32f1xx_hal_flash.o(i.HAL_FLASH_OB_Launch), (4 bytes).
    Removing stm32f1xx_hal_flash.o(i.HAL_FLASH_OB_Lock), (20 bytes).
    Removing stm32f1xx_hal_flash.o(i.HAL_FLASH_OB_Unlock), (36 bytes).
    Removing stm32f1xx_hal_flash.o(i.HAL_FLASH_OperationErrorCallback), (2 bytes).
    Removing stm32f1xx_hal_flash.o(i.HAL_FLASH_Program), (128 bytes).
    Removing stm32f1xx_hal_flash.o(i.HAL_FLASH_Program_IT), (100 bytes).
    Removing stm32f1xx_hal_flash.o(i.HAL_FLASH_Unlock), (40 bytes).
    Removing stm32f1xx_hal_flash.o(.bss), (32 bytes).
    Removing stm32f1xx_hal_flash_ex.o(.rev16_text), (4 bytes).
    Removing stm32f1xx_hal_flash_ex.o(.revsh_text), (4 bytes).
    Removing stm32f1xx_hal_flash_ex.o(.rrx_text), (6 bytes).
    Removing stm32f1xx_hal_flash_ex.o(i.FLASH_MassErase), (36 bytes).
    Removing stm32f1xx_hal_flash_ex.o(i.FLASH_OB_DisableWRP), (176 bytes).
    Removing stm32f1xx_hal_flash_ex.o(i.FLASH_OB_EnableWRP), (176 bytes).
    Removing stm32f1xx_hal_flash_ex.o(i.FLASH_OB_GetRDP), (24 bytes).
    Removing stm32f1xx_hal_flash_ex.o(i.FLASH_OB_RDP_LevelConfig), (100 bytes).
    Removing stm32f1xx_hal_flash_ex.o(i.FLASH_PageErase), (36 bytes).
    Removing stm32f1xx_hal_flash_ex.o(i.HAL_FLASHEx_Erase), (168 bytes).
    Removing stm32f1xx_hal_flash_ex.o(i.HAL_FLASHEx_Erase_IT), (84 bytes).
    Removing stm32f1xx_hal_flash_ex.o(i.HAL_FLASHEx_OBErase), (84 bytes).
    Removing stm32f1xx_hal_flash_ex.o(i.HAL_FLASHEx_OBGetConfig), (36 bytes).
    Removing stm32f1xx_hal_flash_ex.o(i.HAL_FLASHEx_OBGetUserData), (32 bytes).
    Removing stm32f1xx_hal_flash_ex.o(i.HAL_FLASHEx_OBProgram), (200 bytes).
    Removing stm32f1xx_hal_exti.o(.rev16_text), (4 bytes).
    Removing stm32f1xx_hal_exti.o(.revsh_text), (4 bytes).
    Removing stm32f1xx_hal_exti.o(.rrx_text), (6 bytes).
    Removing stm32f1xx_hal_exti.o(i.HAL_EXTI_ClearConfigLine), (104 bytes).
    Removing stm32f1xx_hal_exti.o(i.HAL_EXTI_ClearPending), (20 bytes).
    Removing stm32f1xx_hal_exti.o(i.HAL_EXTI_GenerateSWI), (20 bytes).
    Removing stm32f1xx_hal_exti.o(i.HAL_EXTI_GetConfigLine), (140 bytes).
    Removing stm32f1xx_hal_exti.o(i.HAL_EXTI_GetHandle), (12 bytes).
    Removing stm32f1xx_hal_exti.o(i.HAL_EXTI_GetPending), (24 bytes).
    Removing stm32f1xx_hal_exti.o(i.HAL_EXTI_IRQHandler), (36 bytes).
    Removing stm32f1xx_hal_exti.o(i.HAL_EXTI_RegisterCallback), (14 bytes).
    Removing stm32f1xx_hal_exti.o(i.HAL_EXTI_SetConfigLine), (164 bytes).
    Removing stm32f1xx_hal_tim.o(.rev16_text), (4 bytes).
    Removing stm32f1xx_hal_tim.o(.revsh_text), (4 bytes).
    Removing stm32f1xx_hal_tim.o(.rrx_text), (6 bytes).
    Removing stm32f1xx_hal_tim_ex.o(.rev16_text), (4 bytes).
    Removing stm32f1xx_hal_tim_ex.o(.revsh_text), (4 bytes).
    Removing stm32f1xx_hal_tim_ex.o(.rrx_text), (6 bytes).
    Removing system_stm32f1xx.o(.rev16_text), (4 bytes).
    Removing system_stm32f1xx.o(.revsh_text), (4 bytes).
    Removing system_stm32f1xx.o(.rrx_text), (6 bytes).
    Removing system_stm32f1xx.o(i.SystemCoreClockUpdate), (104 bytes).
    Removing system_stm32f1xx.o(.constdata), (8 bytes).

259 unused section(s) (total 22990 bytes) removed from the image.

==============================================================================

Image Symbol Table

    Local Symbols

    Symbol Name                              Value     Ov Type        Size  Object(Section)

    ../Core/Src/main.c                       0x00000000   Number         0  main.o ABSOLUTE
    ../Core/Src/stm32f1xx_hal_msp.c          0x00000000   Number         0  stm32f1xx_hal_msp.o ABSOLUTE
    ../Core/Src/stm32f1xx_it.c               0x00000000   Number         0  stm32f1xx_it.o ABSOLUTE
    ../Core/Src/system_stm32f1xx.c           0x00000000   Number         0  system_stm32f1xx.o ABSOLUTE
    ../Drivers/STM32F1xx_HAL_Driver/Src/stm32f1xx_hal.c 0x00000000   Number         0  stm32f1xx_hal.o ABSOLUTE
    ../Drivers/STM32F1xx_HAL_Driver/Src/stm32f1xx_hal_cortex.c 0x00000000   Number         0  stm32f1xx_hal_cortex.o ABSOLUTE
    ../Drivers/STM32F1xx_HAL_Driver/Src/stm32f1xx_hal_dma.c 0x00000000   Number         0  stm32f1xx_hal_dma.o ABSOLUTE
    ../Drivers/STM32F1xx_HAL_Driver/Src/stm32f1xx_hal_exti.c 0x00000000   Number         0  stm32f1xx_hal_exti.o ABSOLUTE
    ../Drivers/STM32F1xx_HAL_Driver/Src/stm32f1xx_hal_flash.c 0x00000000   Number         0  stm32f1xx_hal_flash.o ABSOLUTE
    ../Drivers/STM32F1xx_HAL_Driver/Src/stm32f1xx_hal_flash_ex.c 0x00000000   Number         0  stm32f1xx_hal_flash_ex.o ABSOLUTE
    ../Drivers/STM32F1xx_HAL_Driver/Src/stm32f1xx_hal_gpio.c 0x00000000   Number         0  stm32f1xx_hal_gpio.o ABSOLUTE
    ../Drivers/STM32F1xx_HAL_Driver/Src/stm32f1xx_hal_gpio_ex.c 0x00000000   Number         0  stm32f1xx_hal_gpio_ex.o ABSOLUTE
    ../Drivers/STM32F1xx_HAL_Driver/Src/stm32f1xx_hal_pwr.c 0x00000000   Number         0  stm32f1xx_hal_pwr.o ABSOLUTE
    ../Drivers/STM32F1xx_HAL_Driver/Src/stm32f1xx_hal_rcc.c 0x00000000   Number         0  stm32f1xx_hal_rcc.o ABSOLUTE
    ../Drivers/STM32F1xx_HAL_Driver/Src/stm32f1xx_hal_rcc_ex.c 0x00000000   Number         0  stm32f1xx_hal_rcc_ex.o ABSOLUTE
    ../Drivers/STM32F1xx_HAL_Driver/Src/stm32f1xx_hal_spi.c 0x00000000   Number         0  stm32f1xx_hal_spi.o ABSOLUTE
    ../Drivers/STM32F1xx_HAL_Driver/Src/stm32f1xx_hal_tim.c 0x00000000   Number         0  stm32f1xx_hal_tim.o ABSOLUTE
    ../Drivers/STM32F1xx_HAL_Driver/Src/stm32f1xx_hal_tim_ex.c 0x00000000   Number         0  stm32f1xx_hal_tim_ex.o ABSOLUTE
    ../clib/angel/boardlib.s                 0x00000000   Number         0  boardshut.o ABSOLUTE
    ../clib/angel/boardlib.s                 0x00000000   Number         0  boardinit3.o ABSOLUTE
    ../clib/angel/boardlib.s                 0x00000000   Number         0  boardinit2.o ABSOLUTE
    ../clib/angel/boardlib.s                 0x00000000   Number         0  boardinit1.o ABSOLUTE
    ../clib/angel/handlers.s                 0x00000000   Number         0  __scatter_zi.o ABSOLUTE
    ../clib/angel/handlers.s                 0x00000000   Number         0  __scatter_copy.o ABSOLUTE
    ../clib/angel/kernel.s                   0x00000000   Number         0  rtexit.o ABSOLUTE
    ../clib/angel/kernel.s                   0x00000000   Number         0  rtexit2.o ABSOLUTE
    ../clib/angel/kernel.s                   0x00000000   Number         0  __rtentry4.o ABSOLUTE
    ../clib/angel/kernel.s                   0x00000000   Number         0  __rtentry2.o ABSOLUTE
    ../clib/angel/kernel.s                   0x00000000   Number         0  __rtentry.o ABSOLUTE
    ../clib/angel/rt.s                       0x00000000   Number         0  rt_raise.o ABSOLUTE
    ../clib/angel/rt.s                       0x00000000   Number         0  rt_heap_descriptor_intlibspace.o ABSOLUTE
    ../clib/angel/rt.s                       0x00000000   Number         0  rt_heap_descriptor.o ABSOLUTE
    ../clib/angel/scatter.s                  0x00000000   Number         0  __scatter.o ABSOLUTE
    ../clib/angel/startup.s                  0x00000000   Number         0  __main.o ABSOLUTE
    ../clib/angel/sys.s                      0x00000000   Number         0  use_no_semi.o ABSOLUTE
    ../clib/angel/sys.s                      0x00000000   Number         0  indicate_semi.o ABSOLUTE
    ../clib/angel/sys.s                      0x00000000   Number         0  sys_stackheap_outer.o ABSOLUTE
    ../clib/angel/sys.s                      0x00000000   Number         0  mutex_dummy.o ABSOLUTE
    ../clib/angel/sys.s                      0x00000000   Number         0  libspace.o ABSOLUTE
    ../clib/angel/sysapp.c                   0x00000000   Number         0  sys_exit.o ABSOLUTE
    ../clib/angel/sysapp.c                   0x00000000   Number         0  sys_command.o ABSOLUTE
    ../clib/angel/sysapp.c                   0x00000000   Number         0  sys_wrch.o ABSOLUTE
    ../clib/armsys.c                         0x00000000   Number         0  argv_veneer.o ABSOLUTE
    ../clib/armsys.c                         0x00000000   Number         0  _get_argv.o ABSOLUTE
    ../clib/armsys.c                         0x00000000   Number         0  _get_argv_nomalloc.o ABSOLUTE
    ../clib/armsys.c                         0x00000000   Number         0  argv_veneer.o ABSOLUTE
    ../clib/armsys.c                         0x00000000   Number         0  no_argv.o ABSOLUTE
    ../clib/heap1.c                          0x00000000   Number         0  h1_init.o ABSOLUTE
    ../clib/heap1.c                          0x00000000   Number         0  h1_final_mt.o ABSOLUTE
    ../clib/heap1.c                          0x00000000   Number         0  h1_extend_mt.o ABSOLUTE
    ../clib/heap1.c                          0x00000000   Number         0  h1_extend.o ABSOLUTE
    ../clib/heap1.c                          0x00000000   Number         0  h1_final.o ABSOLUTE
    ../clib/heap1.c                          0x00000000   Number         0  h1_init_mt.o ABSOLUTE
    ../clib/heap1.c                          0x00000000   Number         0  h1_free_mt.o ABSOLUTE
    ../clib/heap1.c                          0x00000000   Number         0  h1_free.o ABSOLUTE
    ../clib/heap1.c                          0x00000000   Number         0  h1_alloc_mt.o ABSOLUTE
    ../clib/heap1.c                          0x00000000   Number         0  h1_alloc.o ABSOLUTE
    ../clib/heap2.c                          0x00000000   Number         0  heap2mt.o ABSOLUTE
    ../clib/heap2.c                          0x00000000   Number         0  fdtree.o ABSOLUTE
    ../clib/heap2.c                          0x00000000   Number         0  heap2.o ABSOLUTE
    ../clib/heapalloc.c                      0x00000000   Number         0  heapstubs.o ABSOLUTE
    ../clib/heapalloc.c                      0x00000000   Number         0  free.o ABSOLUTE
    ../clib/heapalloc.c                      0x00000000   Number         0  hrguard.o ABSOLUTE
    ../clib/heapalloc.c                      0x00000000   Number         0  term_alloc.o ABSOLUTE
    ../clib/heapalloc.c                      0x00000000   Number         0  maybetermalloc1.o ABSOLUTE
    ../clib/heapalloc.c                      0x00000000   Number         0  maybetermalloc2.o ABSOLUTE
    ../clib/heapalloc.c                      0x00000000   Number         0  maybetermalloc2.o ABSOLUTE
    ../clib/heapalloc.c                      0x00000000   Number         0  maybetermalloc1.o ABSOLUTE
    ../clib/heapalloc.c                      0x00000000   Number         0  malloc.o ABSOLUTE
    ../clib/heapalloc.c                      0x00000000   Number         0  init_alloc.o ABSOLUTE
    ../clib/heapalloc.c                      0x00000000   Number         0  hguard.o ABSOLUTE
    ../clib/heapaux.c                        0x00000000   Number         0  heapauxi.o ABSOLUTE
    ../clib/heapaux.c                        0x00000000   Number         0  heapauxa.o ABSOLUTE
    ../clib/libinit.s                        0x00000000   Number         0  libinit.o ABSOLUTE
    ../clib/libinit.s                        0x00000000   Number         0  libshutdown2.o ABSOLUTE
    ../clib/libinit.s                        0x00000000   Number         0  libinit2.o ABSOLUTE
    ../clib/libinit.s                        0x00000000   Number         0  libshutdown.o ABSOLUTE
    ../clib/longlong.s                       0x00000000   Number         0  llushr.o ABSOLUTE
    ../clib/memcpset.s                       0x00000000   Number         0  rt_memclr_w.o ABSOLUTE
    ../clib/memcpset.s                       0x00000000   Number         0  rt_memcpy_w.o ABSOLUTE
    ../clib/signal.c                         0x00000000   Number         0  defsig_rtmem_outer.o ABSOLUTE
    ../clib/signal.c                         0x00000000   Number         0  defsig_other.o ABSOLUTE
    ../clib/signal.c                         0x00000000   Number         0  defsig_cppl_inner.o ABSOLUTE
    ../clib/signal.c                         0x00000000   Number         0  defsig_abrt_inner.o ABSOLUTE
    ../clib/signal.c                         0x00000000   Number         0  defsig_pvfn_inner.o ABSOLUTE
    ../clib/signal.c                         0x00000000   Number         0  defsig_stak_inner.o ABSOLUTE
    ../clib/signal.c                         0x00000000   Number         0  defsig_rtred_inner.o ABSOLUTE
    ../clib/signal.c                         0x00000000   Number         0  defsig_exit.o ABSOLUTE
    ../clib/signal.c                         0x00000000   Number         0  defsig_fpe_inner.o ABSOLUTE
    ../clib/signal.c                         0x00000000   Number         0  defsig_rtmem_inner.o ABSOLUTE
    ../clib/signal.c                         0x00000000   Number         0  __raise.o ABSOLUTE
    ../clib/signal.c                         0x00000000   Number         0  defsig_general.o ABSOLUTE
    ../clib/signal.c                         0x00000000   Number         0  defsig_rtmem_formal.o ABSOLUTE
    ../clib/signal.c                         0x00000000   Number         0  defsig_segv_inner.o ABSOLUTE
    ../clib/signal.s                         0x00000000   Number         0  defsig.o ABSOLUTE
    ../clib/stdlib.c                         0x00000000   Number         0  exit.o ABSOLUTE
    ../clib/stdlib.c                         0x00000000   Number         0  rand.o ABSOLUTE
    ../clib/stdlib.c                         0x00000000   Number         0  rand.o ABSOLUTE
    ../fplib/fpinit.s                        0x00000000   Number         0  fpinit.o ABSOLUTE
    ..\..\..\Libraries\fonts.c               0x00000000   Number         0  fonts.o ABSOLUTE
    ..\..\..\Libraries\st7735.c              0x00000000   Number         0  st7735_1.o ABSOLUTE
    ..\Core\Src\main.c                       0x00000000   Number         0  main.o ABSOLUTE
    ..\Core\Src\stm32f1xx_hal_msp.c          0x00000000   Number         0  stm32f1xx_hal_msp.o ABSOLUTE
    ..\Core\Src\stm32f1xx_it.c               0x00000000   Number         0  stm32f1xx_it.o ABSOLUTE
    ..\Core\Src\system_stm32f1xx.c           0x00000000   Number         0  system_stm32f1xx.o ABSOLUTE
    ..\Drivers\STM32F1xx_HAL_Driver\Src\stm32f1xx_hal.c 0x00000000   Number         0  stm32f1xx_hal.o ABSOLUTE
    ..\Drivers\STM32F1xx_HAL_Driver\Src\stm32f1xx_hal_cortex.c 0x00000000   Number         0  stm32f1xx_hal_cortex.o ABSOLUTE
    ..\Drivers\STM32F1xx_HAL_Driver\Src\stm32f1xx_hal_dma.c 0x00000000   Number         0  stm32f1xx_hal_dma.o ABSOLUTE
    ..\Drivers\STM32F1xx_HAL_Driver\Src\stm32f1xx_hal_exti.c 0x00000000   Number         0  stm32f1xx_hal_exti.o ABSOLUTE
    ..\Drivers\STM32F1xx_HAL_Driver\Src\stm32f1xx_hal_flash.c 0x00000000   Number         0  stm32f1xx_hal_flash.o ABSOLUTE
    ..\Drivers\STM32F1xx_HAL_Driver\Src\stm32f1xx_hal_flash_ex.c 0x00000000   Number         0  stm32f1xx_hal_flash_ex.o ABSOLUTE
    ..\Drivers\STM32F1xx_HAL_Driver\Src\stm32f1xx_hal_gpio.c 0x00000000   Number         0  stm32f1xx_hal_gpio.o ABSOLUTE
    ..\Drivers\STM32F1xx_HAL_Driver\Src\stm32f1xx_hal_gpio_ex.c 0x00000000   Number         0  stm32f1xx_hal_gpio_ex.o ABSOLUTE
    ..\Drivers\STM32F1xx_HAL_Driver\Src\stm32f1xx_hal_pwr.c 0x00000000   Number         0  stm32f1xx_hal_pwr.o ABSOLUTE
    ..\Drivers\STM32F1xx_HAL_Driver\Src\stm32f1xx_hal_rcc.c 0x00000000   Number         0  stm32f1xx_hal_rcc.o ABSOLUTE
    ..\Drivers\STM32F1xx_HAL_Driver\Src\stm32f1xx_hal_rcc_ex.c 0x00000000   Number         0  stm32f1xx_hal_rcc_ex.o ABSOLUTE
    ..\Drivers\STM32F1xx_HAL_Driver\Src\stm32f1xx_hal_spi.c 0x00000000   Number         0  stm32f1xx_hal_spi.o ABSOLUTE
    ..\Drivers\STM32F1xx_HAL_Driver\Src\stm32f1xx_hal_tim.c 0x00000000   Number         0  stm32f1xx_hal_tim.o ABSOLUTE
    ..\Drivers\STM32F1xx_HAL_Driver\Src\stm32f1xx_hal_tim_ex.c 0x00000000   Number         0  stm32f1xx_hal_tim_ex.o ABSOLUTE
    ..\\..\\..\\Libraries\\st7735.c          0x00000000   Number         0  st7735_1.o ABSOLUTE
    dc.s                                     0x00000000   Number         0  dc.o ABSOLUTE
    startup_stm32f103xb.s                    0x00000000   Number         0  startup_stm32f103xb.o ABSOLUTE
    RESET                                    0x08000000   Section      236  startup_stm32f103xb.o(RESET)
    !!!main                                  0x080000ec   Section        8  __main.o(!!!main)
    !!!scatter                               0x080000f4   Section       52  __scatter.o(!!!scatter)
    !!handler_copy                           0x08000128   Section       26  __scatter_copy.o(!!handler_copy)
    !!handler_zi                             0x08000144   Section       28  __scatter_zi.o(!!handler_zi)
    .ARM.Collect$$libinit$$00000000          0x08000160   Section        2  libinit.o(.ARM.Collect$$libinit$$00000000)
    .ARM.Collect$$libinit$$00000002          0x08000162   Section        0  libinit2.o(.ARM.Collect$$libinit$$00000002)
    .ARM.Collect$$libinit$$00000004          0x08000162   Section        0  libinit2.o(.ARM.Collect$$libinit$$00000004)
    .ARM.Collect$$libinit$$0000000A          0x08000162   Section        0  libinit2.o(.ARM.Collect$$libinit$$0000000A)
    .ARM.Collect$$libinit$$0000000C          0x08000162   Section        0  libinit2.o(.ARM.Collect$$libinit$$0000000C)
    .ARM.Collect$$libinit$$0000000D          0x08000162   Section        4  libinit2.o(.ARM.Collect$$libinit$$0000000D)
    .ARM.Collect$$libinit$$0000000E          0x08000166   Section        0  libinit2.o(.ARM.Collect$$libinit$$0000000E)
    .ARM.Collect$$libinit$$00000011          0x08000166   Section        0  libinit2.o(.ARM.Collect$$libinit$$00000011)
    .ARM.Collect$$libinit$$00000013          0x08000166   Section        0  libinit2.o(.ARM.Collect$$libinit$$00000013)
    .ARM.Collect$$libinit$$00000015          0x08000166   Section        0  libinit2.o(.ARM.Collect$$libinit$$00000015)
    .ARM.Collect$$libinit$$00000017          0x08000166   Section        0  libinit2.o(.ARM.Collect$$libinit$$00000017)
    .ARM.Collect$$libinit$$00000019          0x08000166   Section        0  libinit2.o(.ARM.Collect$$libinit$$00000019)
    .ARM.Collect$$libinit$$0000001B          0x08000166   Section        0  libinit2.o(.ARM.Collect$$libinit$$0000001B)
    .ARM.Collect$$libinit$$0000001D          0x08000166   Section        0  libinit2.o(.ARM.Collect$$libinit$$0000001D)
    .ARM.Collect$$libinit$$0000001F          0x08000166   Section        0  libinit2.o(.ARM.Collect$$libinit$$0000001F)
    .ARM.Collect$$libinit$$00000021          0x08000166   Section        0  libinit2.o(.ARM.Collect$$libinit$$00000021)
    .ARM.Collect$$libinit$$00000023          0x08000166   Section        0  libinit2.o(.ARM.Collect$$libinit$$00000023)
    .ARM.Collect$$libinit$$00000025          0x08000166   Section        0  libinit2.o(.ARM.Collect$$libinit$$00000025)
    .ARM.Collect$$libinit$$0000002C          0x08000166   Section        0  libinit2.o(.ARM.Collect$$libinit$$0000002C)
    .ARM.Collect$$libinit$$0000002E          0x08000166   Section        0  libinit2.o(.ARM.Collect$$libinit$$0000002E)
    .ARM.Collect$$libinit$$00000030          0x08000166   Section        0  libinit2.o(.ARM.Collect$$libinit$$00000030)
    .ARM.Collect$$libinit$$00000032          0x08000166   Section        0  libinit2.o(.ARM.Collect$$libinit$$00000032)
    .ARM.Collect$$libinit$$00000033          0x08000166   Section        2  libinit2.o(.ARM.Collect$$libinit$$00000033)
    .ARM.Collect$$libshutdown$$00000000      0x08000168   Section        2  libshutdown.o(.ARM.Collect$$libshutdown$$00000000)
    .ARM.Collect$$libshutdown$$00000002      0x0800016a   Section        0  libshutdown2.o(.ARM.Collect$$libshutdown$$00000002)
    .ARM.Collect$$libshutdown$$00000004      0x0800016a   Section        0  libshutdown2.o(.ARM.Collect$$libshutdown$$00000004)
    .ARM.Collect$$libshutdown$$00000006      0x0800016a   Section        0  libshutdown2.o(.ARM.Collect$$libshutdown$$00000006)
    .ARM.Collect$$libshutdown$$00000009      0x0800016a   Section        0  libshutdown2.o(.ARM.Collect$$libshutdown$$00000009)
    .ARM.Collect$$libshutdown$$0000000C      0x0800016a   Section        0  libshutdown2.o(.ARM.Collect$$libshutdown$$0000000C)
    .ARM.Collect$$libshutdown$$0000000E      0x0800016a   Section        0  libshutdown2.o(.ARM.Collect$$libshutdown$$0000000E)
    .ARM.Collect$$libshutdown$$00000011      0x0800016a   Section        0  libshutdown2.o(.ARM.Collect$$libshutdown$$00000011)
    .ARM.Collect$$libshutdown$$00000012      0x0800016a   Section        2  libshutdown2.o(.ARM.Collect$$libshutdown$$00000012)
    .ARM.Collect$$rtentry$$00000000          0x0800016c   Section        0  __rtentry.o(.ARM.Collect$$rtentry$$00000000)
    .ARM.Collect$$rtentry$$00000002          0x0800016c   Section        0  __rtentry2.o(.ARM.Collect$$rtentry$$00000002)
    .ARM.Collect$$rtentry$$00000004          0x0800016c   Section        6  __rtentry4.o(.ARM.Collect$$rtentry$$00000004)
    .ARM.Collect$$rtentry$$00000009          0x08000172   Section        0  __rtentry2.o(.ARM.Collect$$rtentry$$00000009)
    .ARM.Collect$$rtentry$$0000000A          0x08000172   Section        4  __rtentry2.o(.ARM.Collect$$rtentry$$0000000A)
    .ARM.Collect$$rtentry$$0000000C          0x08000176   Section        0  __rtentry2.o(.ARM.Collect$$rtentry$$0000000C)
    .ARM.Collect$$rtentry$$0000000D          0x08000176   Section        8  __rtentry2.o(.ARM.Collect$$rtentry$$0000000D)
    .ARM.Collect$$rtexit$$00000000           0x0800017e   Section        2  rtexit.o(.ARM.Collect$$rtexit$$00000000)
    .ARM.Collect$$rtexit$$00000002           0x08000180   Section        0  rtexit2.o(.ARM.Collect$$rtexit$$00000002)
    .ARM.Collect$$rtexit$$00000003           0x08000180   Section        4  rtexit2.o(.ARM.Collect$$rtexit$$00000003)
    .ARM.Collect$$rtexit$$00000004           0x08000184   Section        6  rtexit2.o(.ARM.Collect$$rtexit$$00000004)
    .emb_text                                0x0800018c   Section       52  rand.o(.emb_text)
    .text                                    0x080001c0   Section       64  startup_stm32f103xb.o(.text)
    .text                                    0x08000200   Section        0  rand.o(.text)
    .text                                    0x0800023c   Section       78  rt_memclr_w.o(.text)
    .text                                    0x0800028a   Section        0  heapauxi.o(.text)
    .text                                    0x08000290   Section        8  libspace.o(.text)
    .text                                    0x08000298   Section        2  use_no_semi.o(.text)
    .text                                    0x0800029a   Section        0  indicate_semi.o(.text)
    .text                                    0x0800029a   Section       74  sys_stackheap_outer.o(.text)
    .text                                    0x080002e4   Section        0  exit.o(.text)
    .text                                    0x080002f8   Section        0  sys_exit.o(.text)
    i.BusFault_Handler                       0x08000304   Section        0  stm32f1xx_it.o(i.BusFault_Handler)
    i.DebugMon_Handler                       0x08000306   Section        0  stm32f1xx_it.o(i.DebugMon_Handler)
    i.EXTI1_IRQHandler                       0x08000308   Section        0  stm32f1xx_it.o(i.EXTI1_IRQHandler)
    i.EXTI2_IRQHandler                       0x0800030e   Section        0  stm32f1xx_it.o(i.EXTI2_IRQHandler)
    i.EXTI3_IRQHandler                       0x08000314   Section        0  stm32f1xx_it.o(i.EXTI3_IRQHandler)
    i.EXTI4_IRQHandler                       0x0800031a   Section        0  stm32f1xx_it.o(i.EXTI4_IRQHandler)
    i.Game_Init                              0x08000320   Section        0  main.o(i.Game_Init)
    i.Game_draw                              0x080003a0   Section        0  main.o(i.Game_draw)
    i.Game_move                              0x08000414   Section        0  main.o(i.Game_move)
    i.HAL_Delay                              0x0800049c   Section        0  stm32f1xx_hal.o(i.HAL_Delay)
    i.HAL_GPIO_EXTI_Callback                 0x080004c0   Section        0  main.o(i.HAL_GPIO_EXTI_Callback)
    i.HAL_GPIO_EXTI_IRQHandler               0x08000534   Section        0  stm32f1xx_hal_gpio.o(i.HAL_GPIO_EXTI_IRQHandler)
    i.HAL_GPIO_Init                          0x0800054c   Section        0  stm32f1xx_hal_gpio.o(i.HAL_GPIO_Init)
    i.HAL_GPIO_TogglePin                     0x0800072c   Section        0  stm32f1xx_hal_gpio.o(i.HAL_GPIO_TogglePin)
    i.HAL_GPIO_WritePin                      0x0800073c   Section        0  stm32f1xx_hal_gpio.o(i.HAL_GPIO_WritePin)
    i.HAL_GetTick                            0x08000748   Section        0  stm32f1xx_hal.o(i.HAL_GetTick)
    i.HAL_IncTick                            0x08000754   Section        0  stm32f1xx_hal.o(i.HAL_IncTick)
    i.HAL_Init                               0x08000764   Section        0  stm32f1xx_hal.o(i.HAL_Init)
    i.HAL_InitTick                           0x08000788   Section        0  stm32f1xx_hal.o(i.HAL_InitTick)
    i.HAL_MspInit                            0x080007c8   Section        0  stm32f1xx_hal_msp.o(i.HAL_MspInit)
    i.HAL_NVIC_EnableIRQ                     0x08000804   Section        0  stm32f1xx_hal_cortex.o(i.HAL_NVIC_EnableIRQ)
    i.HAL_NVIC_SetPriority                   0x08000820   Section        0  stm32f1xx_hal_cortex.o(i.HAL_NVIC_SetPriority)
    i.HAL_NVIC_SetPriorityGrouping           0x08000860   Section        0  stm32f1xx_hal_cortex.o(i.HAL_NVIC_SetPriorityGrouping)
    i.HAL_RCC_ClockConfig                    0x08000884   Section        0  stm32f1xx_hal_rcc.o(i.HAL_RCC_ClockConfig)
    i.HAL_RCC_GetSysClockFreq                0x080009b0   Section        0  stm32f1xx_hal_rcc.o(i.HAL_RCC_GetSysClockFreq)
    i.HAL_RCC_OscConfig                      0x080009fc   Section        0  stm32f1xx_hal_rcc.o(i.HAL_RCC_OscConfig)
    i.HAL_SPI_Init                           0x08000d1c   Section        0  stm32f1xx_hal_spi.o(i.HAL_SPI_Init)
    i.HAL_SPI_MspInit                        0x08000dd0   Section        0  stm32f1xx_hal_msp.o(i.HAL_SPI_MspInit)
    i.HAL_SPI_Transmit                       0x08000e2c   Section        0  stm32f1xx_hal_spi.o(i.HAL_SPI_Transmit)
    i.HAL_SYSTICK_Config                     0x08000f9a   Section        0  stm32f1xx_hal_cortex.o(i.HAL_SYSTICK_Config)
    i.HardFault_Handler                      0x08000fc2   Section        0  stm32f1xx_it.o(i.HardFault_Handler)
    i.Loss_Check                             0x08000fc4   Section        0  main.o(i.Loss_Check)
    i.Loss_Message                           0x08001014   Section        0  main.o(i.Loss_Message)
    i.MX_GPIO_Init                           0x0800105c   Section        0  main.o(i.MX_GPIO_Init)
    MX_GPIO_Init                             0x0800105d   Thumb Code   242  main.o(i.MX_GPIO_Init)
    i.MX_SPI1_Init                           0x08001164   Section        0  main.o(i.MX_SPI1_Init)
    MX_SPI1_Init                             0x08001165   Thumb Code    58  main.o(i.MX_SPI1_Init)
    i.MemManage_Handler                      0x080011a8   Section        0  stm32f1xx_it.o(i.MemManage_Handler)
    i.Menu_Init                              0x080011ac   Section        0  main.o(i.Menu_Init)
    i.NMI_Handler                            0x08001270   Section        0  stm32f1xx_it.o(i.NMI_Handler)
    i.New_Apple                              0x08001274   Section        0  main.o(i.New_Apple)
    i.PendSV_Handler                         0x080012b4   Section        0  stm32f1xx_it.o(i.PendSV_Handler)
    i.SPI_EndRxTxTransaction                 0x080012b6   Section        0  stm32f1xx_hal_spi.o(i.SPI_EndRxTxTransaction)
    SPI_EndRxTxTransaction                   0x080012b7   Thumb Code    32  stm32f1xx_hal_spi.o(i.SPI_EndRxTxTransaction)
    i.SPI_WaitFlagStateUntilTimeout          0x080012d8   Section        0  stm32f1xx_hal_spi.o(i.SPI_WaitFlagStateUntilTimeout)
    SPI_WaitFlagStateUntilTimeout            0x080012d9   Thumb Code   180  stm32f1xx_hal_spi.o(i.SPI_WaitFlagStateUntilTimeout)
    i.ST7735_DrawString                      0x08001390   Section        0  st7735_1.o(i.ST7735_DrawString)
    i.ST7735_ExecuteCommandList              0x08001414   Section        0  st7735_1.o(i.ST7735_ExecuteCommandList)
    ST7735_ExecuteCommandList                0x08001415   Thumb Code    70  st7735_1.o(i.ST7735_ExecuteCommandList)
    i.ST7735_FillRectangle                   0x0800145c   Section        0  st7735_1.o(i.ST7735_FillRectangle)
    i.ST7735_FillScreen                      0x08001514   Section        0  st7735_1.o(i.ST7735_FillScreen)
    i.ST7735_Init                            0x08001530   Section        0  st7735_1.o(i.ST7735_Init)
    i.ST7735_SetAddressWindow                0x0800158c   Section        0  st7735_1.o(i.ST7735_SetAddressWindow)
    ST7735_SetAddressWindow                  0x0800158d   Thumb Code    82  st7735_1.o(i.ST7735_SetAddressWindow)
    i.ST7735_SetRotation                     0x080015e4   Section        0  st7735_1.o(i.ST7735_SetRotation)
    i.ST7735_WriteChar                       0x0800168c   Section        0  st7735_1.o(i.ST7735_WriteChar)
    ST7735_WriteChar                         0x0800168d   Thumb Code   144  st7735_1.o(i.ST7735_WriteChar)
    i.ST7735_WriteCommand                    0x0800171c   Section        0  st7735_1.o(i.ST7735_WriteCommand)
    ST7735_WriteCommand                      0x0800171d   Thumb Code    30  st7735_1.o(i.ST7735_WriteCommand)
    i.ST7735_WriteData                       0x08001744   Section        0  st7735_1.o(i.ST7735_WriteData)
    ST7735_WriteData                         0x08001745   Thumb Code    34  st7735_1.o(i.ST7735_WriteData)
    i.SVC_Handler                            0x08001770   Section        0  stm32f1xx_it.o(i.SVC_Handler)
    i.SysTick_Handler                        0x08001772   Section        0  stm32f1xx_it.o(i.SysTick_Handler)
    i.SystemClock_Config                     0x08001776   Section        0  main.o(i.SystemClock_Config)
    i.SystemInit                             0x080017d4   Section        0  system_stm32f1xx.o(i.SystemInit)
    i.UsageFault_Handler                     0x080017d6   Section        0  stm32f1xx_it.o(i.UsageFault_Handler)
    i.__NVIC_SetPriority                     0x080017d8   Section        0  stm32f1xx_hal_cortex.o(i.__NVIC_SetPriority)
    __NVIC_SetPriority                       0x080017d9   Thumb Code    32  stm32f1xx_hal_cortex.o(i.__NVIC_SetPriority)
    i.goDown                                 0x080017f8   Section        0  main.o(i.goDown)
    i.goLeft                                 0x08001810   Section        0  main.o(i.goLeft)
    i.goRight                                0x08001824   Section        0  main.o(i.goRight)
    i.goUp                                   0x08001838   Section        0  main.o(i.goUp)
    i.main                                   0x08001850   Section        0  main.o(i.main)
    .constdata                               0x080018d4   Section     1900  fonts.o(.constdata)
    Font7x10                                 0x080018d4   Data        1900  fonts.o(.constdata)
    .constdata                               0x08002040   Section      115  st7735_1.o(.constdata)
    init_cmds1                               0x08002040   Data          59  st7735_1.o(.constdata)
    init_cmds2                               0x0800207b   Data          13  st7735_1.o(.constdata)
    init_cmds3                               0x08002088   Data          43  st7735_1.o(.constdata)
    .constdata                               0x080020b3   Section       18  stm32f1xx_hal_rcc.o(.constdata)
    aPredivFactorTable                       0x080020b3   Data           2  stm32f1xx_hal_rcc.o(.constdata)
    aPLLMULFactorTable                       0x080020b5   Data          16  stm32f1xx_hal_rcc.o(.constdata)
    .constdata                               0x080020c5   Section       16  system_stm32f1xx.o(.constdata)
    .data                                    0x20000000   Section        8  fonts.o(.data)
    .data                                    0x20000008   Section       12  st7735_1.o(.data)
    _value_rotation                          0x20000008   Data           1  st7735_1.o(.data)
    _xstart                                  0x20000009   Data           1  st7735_1.o(.data)
    _ystart                                  0x2000000a   Data           1  st7735_1.o(.data)
    _height                                  0x2000000c   Data           2  st7735_1.o(.data)
    _width                                   0x2000000e   Data           2  st7735_1.o(.data)
    _data_rotation                           0x20000010   Data           4  st7735_1.o(.data)
    .data                                    0x20000014   Section       48  main.o(.data)
    .data                                    0x20000044   Section       12  stm32f1xx_hal.o(.data)
    .data                                    0x20000050   Section        4  system_stm32f1xx.o(.data)
    .bss                                     0x20000054   Section      888  main.o(.bss)
    .bss                                     0x200003cc   Section      228  rand.o(.bss)
    .bss                                     0x200004b0   Section       96  libspace.o(.bss)
    HEAP                                     0x20000510   Section      512  startup_stm32f103xb.o(HEAP)
    Heap_Mem                                 0x20000510   Data         512  startup_stm32f103xb.o(HEAP)
    STACK                                    0x20000710   Section     1024  startup_stm32f103xb.o(STACK)
    Stack_Mem                                0x20000710   Data        1024  startup_stm32f103xb.o(STACK)
    __initial_sp                             0x20000b10   Data           0  startup_stm32f103xb.o(STACK)

    Global Symbols

    Symbol Name                              Value     Ov Type        Size  Object(Section)

    BuildAttributes$$THM_ISAv4$P$D$K$B$S$PE$A:L22UL41UL21$X:L11$S22US41US21$IEEE1$IW$USESV6$~STKCKD$USESV7$~SHL$OTIME$ROPI$EBA8$UX$STANDARDLIB$REQ8$PRES8$EABIv2 0x00000000   Number         0  anon$$obj.o ABSOLUTE
    __ARM_use_no_argv                        0x00000000   Number         0  main.o ABSOLUTE
    __ARM_exceptions_init                     - Undefined Weak Reference
    __alloca_initialize                       - Undefined Weak Reference
    __arm_fini_                               - Undefined Weak Reference
    __arm_preinit_                            - Undefined Weak Reference
    __cpp_initialize__aeabi_                  - Undefined Weak Reference
    __cxa_finalize                            - Undefined Weak Reference
    __rt_locale                               - Undefined Weak Reference
    __sigvec_lookup                           - Undefined Weak Reference
    __user_heap_extent                        - Undefined Weak Reference
    _atexit_init                              - Undefined Weak Reference
    _call_atexit_fns                          - Undefined Weak Reference
    _clock_init                               - Undefined Weak Reference
    _fp_trap_init                             - Undefined Weak Reference
    _fp_trap_shutdown                         - Undefined Weak Reference
    _get_lc_collate                           - Undefined Weak Reference
    _get_lc_ctype                             - Undefined Weak Reference
    _get_lc_monetary                          - Undefined Weak Reference
    _get_lc_numeric                           - Undefined Weak Reference
    _get_lc_time                              - Undefined Weak Reference
    _getenv_init                              - Undefined Weak Reference
    _handle_redirection                       - Undefined Weak Reference
    _initio                                   - Undefined Weak Reference
    _mutex_acquire                            - Undefined Weak Reference
    _mutex_free                               - Undefined Weak Reference
    _mutex_release                            - Undefined Weak Reference
    _signal_finish                            - Undefined Weak Reference
    _signal_init                              - Undefined Weak Reference
    _terminateio                              - Undefined Weak Reference
    __Vectors_Size                           0x000000ec   Number         0  startup_stm32f103xb.o ABSOLUTE
    __Vectors                                0x08000000   Data           4  startup_stm32f103xb.o(RESET)
    __Vectors_End                            0x080000ec   Data           0  startup_stm32f103xb.o(RESET)
    __main                                   0x080000ed   Thumb Code     8  __main.o(!!!main)
    __scatterload                            0x080000f5   Thumb Code     0  __scatter.o(!!!scatter)
    __scatterload_rt2                        0x080000f5   Thumb Code    44  __scatter.o(!!!scatter)
    __scatterload_rt2_thumb_only             0x080000f5   Thumb Code     0  __scatter.o(!!!scatter)
    __scatterload_null                       0x08000103   Thumb Code     0  __scatter.o(!!!scatter)
    __scatterload_copy                       0x08000129   Thumb Code    26  __scatter_copy.o(!!handler_copy)
    __scatterload_zeroinit                   0x08000145   Thumb Code    28  __scatter_zi.o(!!handler_zi)
    __rt_lib_init                            0x08000161   Thumb Code     0  libinit.o(.ARM.Collect$$libinit$$00000000)
    __rt_lib_init_fp_1                       0x08000163   Thumb Code     0  libinit2.o(.ARM.Collect$$libinit$$00000002)
    __rt_lib_init_heap_1                     0x08000163   Thumb Code     0  libinit2.o(.ARM.Collect$$libinit$$0000000A)
    __rt_lib_init_preinit_1                  0x08000163   Thumb Code     0  libinit2.o(.ARM.Collect$$libinit$$00000004)
    __rt_lib_init_rand_2                     0x08000163   Thumb Code     0  libinit2.o(.ARM.Collect$$libinit$$0000000D)
    __rt_lib_init_user_alloc_1               0x08000163   Thumb Code     0  libinit2.o(.ARM.Collect$$libinit$$0000000C)
    __rt_lib_init_alloca_1                   0x08000167   Thumb Code     0  libinit2.o(.ARM.Collect$$libinit$$0000002E)
    __rt_lib_init_argv_1                     0x08000167   Thumb Code     0  libinit2.o(.ARM.Collect$$libinit$$0000002C)
    __rt_lib_init_atexit_1                   0x08000167   Thumb Code     0  libinit2.o(.ARM.Collect$$libinit$$0000001B)
    __rt_lib_init_clock_1                    0x08000167   Thumb Code     0  libinit2.o(.ARM.Collect$$libinit$$00000021)
    __rt_lib_init_cpp_1                      0x08000167   Thumb Code     0  libinit2.o(.ARM.Collect$$libinit$$00000032)
    __rt_lib_init_exceptions_1               0x08000167   Thumb Code     0  libinit2.o(.ARM.Collect$$libinit$$00000030)
    __rt_lib_init_fp_trap_1                  0x08000167   Thumb Code     0  libinit2.o(.ARM.Collect$$libinit$$0000001F)
    __rt_lib_init_getenv_1                   0x08000167   Thumb Code     0  libinit2.o(.ARM.Collect$$libinit$$00000023)
    __rt_lib_init_lc_collate_1               0x08000167   Thumb Code     0  libinit2.o(.ARM.Collect$$libinit$$00000011)
    __rt_lib_init_lc_ctype_1                 0x08000167   Thumb Code     0  libinit2.o(.ARM.Collect$$libinit$$00000013)
    __rt_lib_init_lc_monetary_1              0x08000167   Thumb Code     0  libinit2.o(.ARM.Collect$$libinit$$00000015)
    __rt_lib_init_lc_numeric_1               0x08000167   Thumb Code     0  libinit2.o(.ARM.Collect$$libinit$$00000017)
    __rt_lib_init_lc_time_1                  0x08000167   Thumb Code     0  libinit2.o(.ARM.Collect$$libinit$$00000019)
    __rt_lib_init_rand_1                     0x08000167   Thumb Code     0  libinit2.o(.ARM.Collect$$libinit$$0000000E)
    __rt_lib_init_return                     0x08000167   Thumb Code     0  libinit2.o(.ARM.Collect$$libinit$$00000033)
    __rt_lib_init_signal_1                   0x08000167   Thumb Code     0  libinit2.o(.ARM.Collect$$libinit$$0000001D)
    __rt_lib_init_stdio_1                    0x08000167   Thumb Code     0  libinit2.o(.ARM.Collect$$libinit$$00000025)
    __rt_lib_shutdown                        0x08000169   Thumb Code     0  libshutdown.o(.ARM.Collect$$libshutdown$$00000000)
    __rt_lib_shutdown_cpp_1                  0x0800016b   Thumb Code     0  libshutdown2.o(.ARM.Collect$$libshutdown$$00000004)
    __rt_lib_shutdown_fini_1                 0x0800016b   Thumb Code     0  libshutdown2.o(.ARM.Collect$$libshutdown$$00000002)
    __rt_lib_shutdown_fp_trap_1              0x0800016b   Thumb Code     0  libshutdown2.o(.ARM.Collect$$libshutdown$$00000009)
    __rt_lib_shutdown_heap_1                 0x0800016b   Thumb Code     0  libshutdown2.o(.ARM.Collect$$libshutdown$$00000011)
    __rt_lib_shutdown_return                 0x0800016b   Thumb Code     0  libshutdown2.o(.ARM.Collect$$libshutdown$$00000012)
    __rt_lib_shutdown_signal_1               0x0800016b   Thumb Code     0  libshutdown2.o(.ARM.Collect$$libshutdown$$0000000C)
    __rt_lib_shutdown_stdio_1                0x0800016b   Thumb Code     0  libshutdown2.o(.ARM.Collect$$libshutdown$$00000006)
    __rt_lib_shutdown_user_alloc_1           0x0800016b   Thumb Code     0  libshutdown2.o(.ARM.Collect$$libshutdown$$0000000E)
    __rt_entry                               0x0800016d   Thumb Code     0  __rtentry.o(.ARM.Collect$$rtentry$$00000000)
    __rt_entry_presh_1                       0x0800016d   Thumb Code     0  __rtentry2.o(.ARM.Collect$$rtentry$$00000002)
    __rt_entry_sh                            0x0800016d   Thumb Code     0  __rtentry4.o(.ARM.Collect$$rtentry$$00000004)
    __rt_entry_li                            0x08000173   Thumb Code     0  __rtentry2.o(.ARM.Collect$$rtentry$$0000000A)
    __rt_entry_postsh_1                      0x08000173   Thumb Code     0  __rtentry2.o(.ARM.Collect$$rtentry$$00000009)
    __rt_entry_main                          0x08000177   Thumb Code     0  __rtentry2.o(.ARM.Collect$$rtentry$$0000000D)
    __rt_entry_postli_1                      0x08000177   Thumb Code     0  __rtentry2.o(.ARM.Collect$$rtentry$$0000000C)
    __rt_exit                                0x0800017f   Thumb Code     0  rtexit.o(.ARM.Collect$$rtexit$$00000000)
    __rt_exit_ls                             0x08000181   Thumb Code     0  rtexit2.o(.ARM.Collect$$rtexit$$00000003)
    __rt_exit_prels_1                        0x08000181   Thumb Code     0  rtexit2.o(.ARM.Collect$$rtexit$$00000002)
    __rt_exit_exit                           0x08000185   Thumb Code     0  rtexit2.o(.ARM.Collect$$rtexit$$00000004)
    rand                                     0x0800018d   Thumb Code    48  rand.o(.emb_text)
    Reset_Handler                            0x080001c1   Thumb Code     8  startup_stm32f103xb.o(.text)
    ADC1_2_IRQHandler                        0x080001db   Thumb Code     0  startup_stm32f103xb.o(.text)
    CAN1_RX1_IRQHandler                      0x080001db   Thumb Code     0  startup_stm32f103xb.o(.text)
    CAN1_SCE_IRQHandler                      0x080001db   Thumb Code     0  startup_stm32f103xb.o(.text)
    DMA1_Channel1_IRQHandler                 0x080001db   Thumb Code     0  startup_stm32f103xb.o(.text)
    DMA1_Channel2_IRQHandler                 0x080001db   Thumb Code     0  startup_stm32f103xb.o(.text)
    DMA1_Channel3_IRQHandler                 0x080001db   Thumb Code     0  startup_stm32f103xb.o(.text)
    DMA1_Channel4_IRQHandler                 0x080001db   Thumb Code     0  startup_stm32f103xb.o(.text)
    DMA1_Channel5_IRQHandler                 0x080001db   Thumb Code     0  startup_stm32f103xb.o(.text)
    DMA1_Channel6_IRQHandler                 0x080001db   Thumb Code     0  startup_stm32f103xb.o(.text)
    DMA1_Channel7_IRQHandler                 0x080001db   Thumb Code     0  startup_stm32f103xb.o(.text)
    EXTI0_IRQHandler                         0x080001db   Thumb Code     0  startup_stm32f103xb.o(.text)
    EXTI15_10_IRQHandler                     0x080001db   Thumb Code     0  startup_stm32f103xb.o(.text)
    EXTI9_5_IRQHandler                       0x080001db   Thumb Code     0  startup_stm32f103xb.o(.text)
    FLASH_IRQHandler                         0x080001db   Thumb Code     0  startup_stm32f103xb.o(.text)
    I2C1_ER_IRQHandler                       0x080001db   Thumb Code     0  startup_stm32f103xb.o(.text)
    I2C1_EV_IRQHandler                       0x080001db   Thumb Code     0  startup_stm32f103xb.o(.text)
    I2C2_ER_IRQHandler                       0x080001db   Thumb Code     0  startup_stm32f103xb.o(.text)
    I2C2_EV_IRQHandler                       0x080001db   Thumb Code     0  startup_stm32f103xb.o(.text)
    PVD_IRQHandler                           0x080001db   Thumb Code     0  startup_stm32f103xb.o(.text)
    RCC_IRQHandler                           0x080001db   Thumb Code     0  startup_stm32f103xb.o(.text)
    RTC_Alarm_IRQHandler                     0x080001db   Thumb Code     0  startup_stm32f103xb.o(.text)
    RTC_IRQHandler                           0x080001db   Thumb Code     0  startup_stm32f103xb.o(.text)
    SPI1_IRQHandler                          0x080001db   Thumb Code     0  startup_stm32f103xb.o(.text)
    SPI2_IRQHandler                          0x080001db   Thumb Code     0  startup_stm32f103xb.o(.text)
    TAMPER_IRQHandler                        0x080001db   Thumb Code     0  startup_stm32f103xb.o(.text)
    TIM1_BRK_IRQHandler                      0x080001db   Thumb Code     0  startup_stm32f103xb.o(.text)
    TIM1_CC_IRQHandler                       0x080001db   Thumb Code     0  startup_stm32f103xb.o(.text)
    TIM1_TRG_COM_IRQHandler                  0x080001db   Thumb Code     0  startup_stm32f103xb.o(.text)
    TIM1_UP_IRQHandler                       0x080001db   Thumb Code     0  startup_stm32f103xb.o(.text)
    TIM2_IRQHandler                          0x080001db   Thumb Code     0  startup_stm32f103xb.o(.text)
    TIM3_IRQHandler                          0x080001db   Thumb Code     0  startup_stm32f103xb.o(.text)
    TIM4_IRQHandler                          0x080001db   Thumb Code     0  startup_stm32f103xb.o(.text)
    USART1_IRQHandler                        0x080001db   Thumb Code     0  startup_stm32f103xb.o(.text)
    USART2_IRQHandler                        0x080001db   Thumb Code     0  startup_stm32f103xb.o(.text)
    USART3_IRQHandler                        0x080001db   Thumb Code     0  startup_stm32f103xb.o(.text)
    USBWakeUp_IRQHandler                     0x080001db   Thumb Code     0  startup_stm32f103xb.o(.text)
    USB_HP_CAN1_TX_IRQHandler                0x080001db   Thumb Code     0  startup_stm32f103xb.o(.text)
    USB_LP_CAN1_RX0_IRQHandler               0x080001db   Thumb Code     0  startup_stm32f103xb.o(.text)
    WWDG_IRQHandler                          0x080001db   Thumb Code     0  startup_stm32f103xb.o(.text)
    __user_initial_stackheap                 0x080001dd   Thumb Code     0  startup_stm32f103xb.o(.text)
    srand                                    0x08000201   Thumb Code    42  rand.o(.text)
    _rand_init                               0x0800022b   Thumb Code     4  rand.o(.text)
    __aeabi_memclr4                          0x0800023d   Thumb Code     0  rt_memclr_w.o(.text)
    __aeabi_memclr8                          0x0800023d   Thumb Code     0  rt_memclr_w.o(.text)
    __rt_memclr_w                            0x0800023d   Thumb Code    78  rt_memclr_w.o(.text)
    _memset_w                                0x08000241   Thumb Code     0  rt_memclr_w.o(.text)
    __use_two_region_memory                  0x0800028b   Thumb Code     2  heapauxi.o(.text)
    __rt_heap_escrow                         0x0800028d   Thumb Code     2  heapauxi.o(.text)
    __rt_heap_expand                         0x0800028f   Thumb Code     2  heapauxi.o(.text)
    __user_libspace                          0x08000291   Thumb Code     8  libspace.o(.text)
    __user_perproc_libspace                  0x08000291   Thumb Code     0  libspace.o(.text)
    __user_perthread_libspace                0x08000291   Thumb Code     0  libspace.o(.text)
    __I$use$semihosting                      0x08000299   Thumb Code     0  use_no_semi.o(.text)
    __use_no_semihosting_swi                 0x08000299   Thumb Code     2  use_no_semi.o(.text)
    __semihosting_library_function           0x0800029b   Thumb Code     0  indicate_semi.o(.text)
    __user_setup_stackheap                   0x0800029b   Thumb Code    74  sys_stackheap_outer.o(.text)
    exit                                     0x080002e5   Thumb Code    18  exit.o(.text)
    _sys_exit                                0x080002f9   Thumb Code     8  sys_exit.o(.text)
    BusFault_Handler                         0x08000305   Thumb Code     2  stm32f1xx_it.o(i.BusFault_Handler)
    DebugMon_Handler                         0x08000307   Thumb Code     2  stm32f1xx_it.o(i.DebugMon_Handler)
    EXTI1_IRQHandler                         0x08000309   Thumb Code     6  stm32f1xx_it.o(i.EXTI1_IRQHandler)
    EXTI2_IRQHandler                         0x0800030f   Thumb Code     6  stm32f1xx_it.o(i.EXTI2_IRQHandler)
    EXTI3_IRQHandler                         0x08000315   Thumb Code     6  stm32f1xx_it.o(i.EXTI3_IRQHandler)
    EXTI4_IRQHandler                         0x0800031b   Thumb Code     6  stm32f1xx_it.o(i.EXTI4_IRQHandler)
    Game_Init                                0x08000321   Thumb Code   120  main.o(i.Game_Init)
    Game_draw                                0x080003a1   Thumb Code   106  main.o(i.Game_draw)
    Game_move                                0x08000415   Thumb Code   126  main.o(i.Game_move)
    HAL_Delay                                0x0800049d   Thumb Code    32  stm32f1xx_hal.o(i.HAL_Delay)
    HAL_GPIO_EXTI_Callback                   0x080004c1   Thumb Code   110  main.o(i.HAL_GPIO_EXTI_Callback)
    HAL_GPIO_EXTI_IRQHandler                 0x08000535   Thumb Code    18  stm32f1xx_hal_gpio.o(i.HAL_GPIO_EXTI_IRQHandler)
    HAL_GPIO_Init                            0x0800054d   Thumb Code   446  stm32f1xx_hal_gpio.o(i.HAL_GPIO_Init)
    HAL_GPIO_TogglePin                       0x0800072d   Thumb Code    16  stm32f1xx_hal_gpio.o(i.HAL_GPIO_TogglePin)
    HAL_GPIO_WritePin                        0x0800073d   Thumb Code    10  stm32f1xx_hal_gpio.o(i.HAL_GPIO_WritePin)
    HAL_GetTick                              0x08000749   Thumb Code     6  stm32f1xx_hal.o(i.HAL_GetTick)
    HAL_IncTick                              0x08000755   Thumb Code    12  stm32f1xx_hal.o(i.HAL_IncTick)
    HAL_Init                                 0x08000765   Thumb Code    32  stm32f1xx_hal.o(i.HAL_Init)
    HAL_InitTick                             0x08000789   Thumb Code    54  stm32f1xx_hal.o(i.HAL_InitTick)
    HAL_MspInit                              0x080007c9   Thumb Code    52  stm32f1xx_hal_msp.o(i.HAL_MspInit)
    HAL_NVIC_EnableIRQ                       0x08000805   Thumb Code    26  stm32f1xx_hal_cortex.o(i.HAL_NVIC_EnableIRQ)
    HAL_NVIC_SetPriority                     0x08000821   Thumb Code    60  stm32f1xx_hal_cortex.o(i.HAL_NVIC_SetPriority)
    HAL_NVIC_SetPriorityGrouping             0x08000861   Thumb Code    26  stm32f1xx_hal_cortex.o(i.HAL_NVIC_SetPriorityGrouping)
    HAL_RCC_ClockConfig                      0x08000885   Thumb Code   280  stm32f1xx_hal_rcc.o(i.HAL_RCC_ClockConfig)
    HAL_RCC_GetSysClockFreq                  0x080009b1   Thumb Code    58  stm32f1xx_hal_rcc.o(i.HAL_RCC_GetSysClockFreq)
    HAL_RCC_OscConfig                        0x080009fd   Thumb Code   778  stm32f1xx_hal_rcc.o(i.HAL_RCC_OscConfig)
    HAL_SPI_Init                             0x08000d1d   Thumb Code   178  stm32f1xx_hal_spi.o(i.HAL_SPI_Init)
    HAL_SPI_MspInit                          0x08000dd1   Thumb Code    80  stm32f1xx_hal_msp.o(i.HAL_SPI_MspInit)
    HAL_SPI_Transmit                         0x08000e2d   Thumb Code   366  stm32f1xx_hal_spi.o(i.HAL_SPI_Transmit)
    HAL_SYSTICK_Config                       0x08000f9b   Thumb Code    40  stm32f1xx_hal_cortex.o(i.HAL_SYSTICK_Config)
    HardFault_Handler                        0x08000fc3   Thumb Code     2  stm32f1xx_it.o(i.HardFault_Handler)
    Loss_Check                               0x08000fc5   Thumb Code    70  main.o(i.Loss_Check)
    Loss_Message                             0x08001015   Thumb Code    50  main.o(i.Loss_Message)
    MemManage_Handler                        0x080011a9   Thumb Code     2  stm32f1xx_it.o(i.MemManage_Handler)
    Menu_Init                                0x080011ad   Thumb Code   138  main.o(i.Menu_Init)
    NMI_Handler                              0x08001271   Thumb Code     2  stm32f1xx_it.o(i.NMI_Handler)
    New_Apple                                0x08001275   Thumb Code    60  main.o(i.New_Apple)
    PendSV_Handler                           0x080012b5   Thumb Code     2  stm32f1xx_it.o(i.PendSV_Handler)
    ST7735_DrawString                        0x08001391   Thumb Code   124  st7735_1.o(i.ST7735_DrawString)
    ST7735_FillRectangle                     0x0800145d   Thumb Code   172  st7735_1.o(i.ST7735_FillRectangle)
    ST7735_FillScreen                        0x08001515   Thumb Code    24  st7735_1.o(i.ST7735_FillScreen)
    ST7735_Init                              0x08001531   Thumb Code    82  st7735_1.o(i.ST7735_Init)
    ST7735_SetRotation                       0x080015e5   Thumb Code   160  st7735_1.o(i.ST7735_SetRotation)
    SVC_Handler                              0x08001771   Thumb Code     2  stm32f1xx_it.o(i.SVC_Handler)
    SysTick_Handler                          0x08001773   Thumb Code     4  stm32f1xx_it.o(i.SysTick_Handler)
    SystemClock_Config                       0x08001777   Thumb Code    94  main.o(i.SystemClock_Config)
    SystemInit                               0x080017d5   Thumb Code     2  system_stm32f1xx.o(i.SystemInit)
    UsageFault_Handler                       0x080017d7   Thumb Code     2  stm32f1xx_it.o(i.UsageFault_Handler)
    goDown                                   0x080017f9   Thumb Code    18  main.o(i.goDown)
    goLeft                                   0x08001811   Thumb Code    16  main.o(i.goLeft)
    goRight                                  0x08001825   Thumb Code    16  main.o(i.goRight)
    goUp                                     0x08001839   Thumb Code    18  main.o(i.goUp)
    main                                     0x08001851   Thumb Code   122  main.o(i.main)
    AHBPrescTable                            0x080020c5   Data          16  system_stm32f1xx.o(.constdata)
    Region$$Table$$Base                      0x080020d8   Number         0  anon$$obj.o(Region$$Table)
    Region$$Table$$Limit                     0x080020f8   Number         0  anon$$obj.o(Region$$Table)
    Font_7x10                                0x20000000   Data           8  fonts.o(.data)
    ScreenRefreshDelay                       0x20000014   Data           4  main.o(.data)
    TextDisp                                 0x20000018   Data           4  main.o(.data)
    inMenu                                   0x2000001c   Data           4  main.o(.data)
    CurrentLength                            0x20000020   Data           4  main.o(.data)
    LastX                                    0x20000024   Data           4  main.o(.data)
    LastY                                    0x20000028   Data           4  main.o(.data)
    previousMillis                           0x2000002c   Data           4  main.o(.data)
    currentMillis                            0x20000030   Data           4  main.o(.data)
    dir                                      0x20000034   Data           4  main.o(.data)
    CurrentDir                               0x20000038   Data           4  main.o(.data)
    apple                                    0x2000003c   Data           8  main.o(.data)
    uwTickFreq                               0x20000044   Data           1  stm32f1xx_hal.o(.data)
    uwTickPrio                               0x20000048   Data           4  stm32f1xx_hal.o(.data)
    uwTick                                   0x2000004c   Data           4  stm32f1xx_hal.o(.data)
    SystemCoreClock                          0x20000050   Data           4  system_stm32f1xx.o(.data)
    hspi1                                    0x20000054   Data          88  main.o(.bss)
    Snake                                    0x200000ac   Data         800  main.o(.bss)
    _random_number_data                      0x200003cc   Data         228  rand.o(.bss)
    __libspace_start                         0x200004b0   Data          96  libspace.o(.bss)
    __temporary_stack_top$libspace           0x20000510   Data           0  libspace.o(.bss)



==============================================================================

Memory Map of the image

  Image Entry point : 0x080000ed

  Load Region LR_IROM1 (Base: 0x08000000, Size: 0x0000214c, Max: 0x00010000, ABSOLUTE)

    Execution Region ER_IROM1 (Exec base: 0x08000000, Load base: 0x08000000, Size: 0x000020f8, Max: 0x00010000, ABSOLUTE)

    Exec Addr    Load Addr    Size         Type   Attr      Idx    E Section Name        Object

    0x08000000   0x08000000   0x000000ec   Data   RO            3    RESET               startup_stm32f103xb.o
    0x080000ec   0x080000ec   0x00000008   Code   RO         2104  * !!!main             c_w.l(__main.o)
    0x080000f4   0x080000f4   0x00000034   Code   RO         2309    !!!scatter          c_w.l(__scatter.o)
    0x08000128   0x08000128   0x0000001a   Code   RO         2311    !!handler_copy      c_w.l(__scatter_copy.o)
    0x08000142   0x08000142   0x00000002   PAD
    0x08000144   0x08000144   0x0000001c   Code   RO         2313    !!handler_zi        c_w.l(__scatter_zi.o)
    0x08000160   0x08000160   0x00000002   Code   RO         2246    .ARM.Collect$$libinit$$00000000  c_w.l(libinit.o)
    0x08000162   0x08000162   0x00000000   Code   RO         2139    .ARM.Collect$$libinit$$00000002  c_w.l(libinit2.o)
    0x08000162   0x08000162   0x00000000   Code   RO         2141    .ARM.Collect$$libinit$$00000004  c_w.l(libinit2.o)
    0x08000162   0x08000162   0x00000000   Code   RO         2144    .ARM.Collect$$libinit$$0000000A  c_w.l(libinit2.o)
    0x08000162   0x08000162   0x00000000   Code   RO         2146    .ARM.Collect$$libinit$$0000000C  c_w.l(libinit2.o)
    0x08000162   0x08000162   0x00000004   Code   RO         2147    .ARM.Collect$$libinit$$0000000D  c_w.l(libinit2.o)
    0x08000166   0x08000166   0x00000000   Code   RO         2148    .ARM.Collect$$libinit$$0000000E  c_w.l(libinit2.o)
    0x08000166   0x08000166   0x00000000   Code   RO         2151    .ARM.Collect$$libinit$$00000011  c_w.l(libinit2.o)
    0x08000166   0x08000166   0x00000000   Code   RO         2153    .ARM.Collect$$libinit$$00000013  c_w.l(libinit2.o)
    0x08000166   0x08000166   0x00000000   Code   RO         2155    .ARM.Collect$$libinit$$00000015  c_w.l(libinit2.o)
    0x08000166   0x08000166   0x00000000   Code   RO         2157    .ARM.Collect$$libinit$$00000017  c_w.l(libinit2.o)
    0x08000166   0x08000166   0x00000000   Code   RO         2159    .ARM.Collect$$libinit$$00000019  c_w.l(libinit2.o)
    0x08000166   0x08000166   0x00000000   Code   RO         2161    .ARM.Collect$$libinit$$0000001B  c_w.l(libinit2.o)
    0x08000166   0x08000166   0x00000000   Code   RO         2163    .ARM.Collect$$libinit$$0000001D  c_w.l(libinit2.o)
    0x08000166   0x08000166   0x00000000   Code   RO         2165    .ARM.Collect$$libinit$$0000001F  c_w.l(libinit2.o)
    0x08000166   0x08000166   0x00000000   Code   RO         2167    .ARM.Collect$$libinit$$00000021  c_w.l(libinit2.o)
    0x08000166   0x08000166   0x00000000   Code   RO         2169    .ARM.Collect$$libinit$$00000023  c_w.l(libinit2.o)
    0x08000166   0x08000166   0x00000000   Code   RO         2171    .ARM.Collect$$libinit$$00000025  c_w.l(libinit2.o)
    0x08000166   0x08000166   0x00000000   Code   RO         2175    .ARM.Collect$$libinit$$0000002C  c_w.l(libinit2.o)
    0x08000166   0x08000166   0x00000000   Code   RO         2177    .ARM.Collect$$libinit$$0000002E  c_w.l(libinit2.o)
    0x08000166   0x08000166   0x00000000   Code   RO         2179    .ARM.Collect$$libinit$$00000030  c_w.l(libinit2.o)
    0x08000166   0x08000166   0x00000000   Code   RO         2181    .ARM.Collect$$libinit$$00000032  c_w.l(libinit2.o)
    0x08000166   0x08000166   0x00000002   Code   RO         2182    .ARM.Collect$$libinit$$00000033  c_w.l(libinit2.o)
    0x08000168   0x08000168   0x00000002   Code   RO         2306    .ARM.Collect$$libshutdown$$00000000  c_w.l(libshutdown.o)
    0x0800016a   0x0800016a   0x00000000   Code   RO         2260    .ARM.Collect$$libshutdown$$00000002  c_w.l(libshutdown2.o)
    0x0800016a   0x0800016a   0x00000000   Code   RO         2262    .ARM.Collect$$libshutdown$$00000004  c_w.l(libshutdown2.o)
    0x0800016a   0x0800016a   0x00000000   Code   RO         2264    .ARM.Collect$$libshutdown$$00000006  c_w.l(libshutdown2.o)
    0x0800016a   0x0800016a   0x00000000   Code   RO         2267    .ARM.Collect$$libshutdown$$00000009  c_w.l(libshutdown2.o)
    0x0800016a   0x0800016a   0x00000000   Code   RO         2270    .ARM.Collect$$libshutdown$$0000000C  c_w.l(libshutdown2.o)
    0x0800016a   0x0800016a   0x00000000   Code   RO         2272    .ARM.Collect$$libshutdown$$0000000E  c_w.l(libshutdown2.o)
    0x0800016a   0x0800016a   0x00000000   Code   RO         2275    .ARM.Collect$$libshutdown$$00000011  c_w.l(libshutdown2.o)
    0x0800016a   0x0800016a   0x00000002   Code   RO         2276    .ARM.Collect$$libshutdown$$00000012  c_w.l(libshutdown2.o)
    0x0800016c   0x0800016c   0x00000000   Code   RO         2108    .ARM.Collect$$rtentry$$00000000  c_w.l(__rtentry.o)
    0x0800016c   0x0800016c   0x00000000   Code   RO         2189    .ARM.Collect$$rtentry$$00000002  c_w.l(__rtentry2.o)
    0x0800016c   0x0800016c   0x00000006   Code   RO         2201    .ARM.Collect$$rtentry$$00000004  c_w.l(__rtentry4.o)
    0x08000172   0x08000172   0x00000000   Code   RO         2191    .ARM.Collect$$rtentry$$00000009  c_w.l(__rtentry2.o)
    0x08000172   0x08000172   0x00000004   Code   RO         2192    .ARM.Collect$$rtentry$$0000000A  c_w.l(__rtentry2.o)
    0x08000176   0x08000176   0x00000000   Code   RO         2194    .ARM.Collect$$rtentry$$0000000C  c_w.l(__rtentry2.o)
    0x08000176   0x08000176   0x00000008   Code   RO         2195    .ARM.Collect$$rtentry$$0000000D  c_w.l(__rtentry2.o)
    0x0800017e   0x0800017e   0x00000002   Code   RO         2249    .ARM.Collect$$rtexit$$00000000  c_w.l(rtexit.o)
    0x08000180   0x08000180   0x00000000   Code   RO         2280    .ARM.Collect$$rtexit$$00000002  c_w.l(rtexit2.o)
    0x08000180   0x08000180   0x00000004   Code   RO         2281    .ARM.Collect$$rtexit$$00000003  c_w.l(rtexit2.o)
    0x08000184   0x08000184   0x00000006   Code   RO         2282    .ARM.Collect$$rtexit$$00000004  c_w.l(rtexit2.o)
    0x0800018a   0x0800018a   0x00000002   PAD
    0x0800018c   0x0800018c   0x00000034   Code   RO         2095    .emb_text           c_w.l(rand.o)
    0x080001c0   0x080001c0   0x00000040   Code   RO            4    .text               startup_stm32f103xb.o
    0x08000200   0x08000200   0x0000003c   Code   RO         2096    .text               c_w.l(rand.o)
    0x0800023c   0x0800023c   0x0000004e   Code   RO         2100    .text               c_w.l(rt_memclr_w.o)
    0x0800028a   0x0800028a   0x00000006   Code   RO         2102    .text               c_w.l(heapauxi.o)
    0x08000290   0x08000290   0x00000008   Code   RO         2185    .text               c_w.l(libspace.o)
    0x08000298   0x08000298   0x00000002   Code   RO         2222    .text               c_w.l(use_no_semi.o)
    0x0800029a   0x0800029a   0x00000000   Code   RO         2224    .text               c_w.l(indicate_semi.o)
    0x0800029a   0x0800029a   0x0000004a   Code   RO         2225    .text               c_w.l(sys_stackheap_outer.o)
    0x080002e4   0x080002e4   0x00000012   Code   RO         2231    .text               c_w.l(exit.o)
    0x080002f6   0x080002f6   0x00000002   PAD
    0x080002f8   0x080002f8   0x0000000c   Code   RO         2247    .text               c_w.l(sys_exit.o)
    0x08000304   0x08000304   0x00000002   Code   RO          488    i.BusFault_Handler  stm32f1xx_it.o
    0x08000306   0x08000306   0x00000002   Code   RO          489    i.DebugMon_Handler  stm32f1xx_it.o
    0x08000308   0x08000308   0x00000006   Code   RO          490    i.EXTI1_IRQHandler  stm32f1xx_it.o
    0x0800030e   0x0800030e   0x00000006   Code   RO          491    i.EXTI2_IRQHandler  stm32f1xx_it.o
    0x08000314   0x08000314   0x00000006   Code   RO          492    i.EXTI3_IRQHandler  stm32f1xx_it.o
    0x0800031a   0x0800031a   0x00000006   Code   RO          493    i.EXTI4_IRQHandler  stm32f1xx_it.o
    0x08000320   0x08000320   0x00000080   Code   RO          344    i.Game_Init         main.o
    0x080003a0   0x080003a0   0x00000074   Code   RO          345    i.Game_draw         main.o
    0x08000414   0x08000414   0x00000088   Code   RO          346    i.Game_move         main.o
    0x0800049c   0x0800049c   0x00000024   Code   RO          988    i.HAL_Delay         stm32f1xx_hal.o
    0x080004c0   0x080004c0   0x00000074   Code   RO          347    i.HAL_GPIO_EXTI_Callback  main.o
    0x08000534   0x08000534   0x00000018   Code   RO         1297    i.HAL_GPIO_EXTI_IRQHandler  stm32f1xx_hal_gpio.o
    0x0800054c   0x0800054c   0x000001e0   Code   RO         1298    i.HAL_GPIO_Init     stm32f1xx_hal_gpio.o
    0x0800072c   0x0800072c   0x00000010   Code   RO         1301    i.HAL_GPIO_TogglePin  stm32f1xx_hal_gpio.o
    0x0800073c   0x0800073c   0x0000000a   Code   RO         1302    i.HAL_GPIO_WritePin  stm32f1xx_hal_gpio.o
    0x08000746   0x08000746   0x00000002   PAD
    0x08000748   0x08000748   0x0000000c   Code   RO          992    i.HAL_GetTick       stm32f1xx_hal.o
    0x08000754   0x08000754   0x00000010   Code   RO          998    i.HAL_IncTick       stm32f1xx_hal.o
    0x08000764   0x08000764   0x00000024   Code   RO          999    i.HAL_Init          stm32f1xx_hal.o
    0x08000788   0x08000788   0x00000040   Code   RO         1000    i.HAL_InitTick      stm32f1xx_hal.o
    0x080007c8   0x080007c8   0x0000003c   Code   RO          587    i.HAL_MspInit       stm32f1xx_hal_msp.o
    0x08000804   0x08000804   0x0000001a   Code   RO         1458    i.HAL_NVIC_EnableIRQ  stm32f1xx_hal_cortex.o
    0x0800081e   0x0800081e   0x00000002   PAD
    0x08000820   0x08000820   0x00000040   Code   RO         1464    i.HAL_NVIC_SetPriority  stm32f1xx_hal_cortex.o
    0x08000860   0x08000860   0x00000024   Code   RO         1465    i.HAL_NVIC_SetPriorityGrouping  stm32f1xx_hal_cortex.o
    0x08000884   0x08000884   0x0000012c   Code   RO         1156    i.HAL_RCC_ClockConfig  stm32f1xx_hal_rcc.o
    0x080009b0   0x080009b0   0x0000004c   Code   RO         1165    i.HAL_RCC_GetSysClockFreq  stm32f1xx_hal_rcc.o
    0x080009fc   0x080009fc   0x00000320   Code   RO         1168    i.HAL_RCC_OscConfig  stm32f1xx_hal_rcc.o
    0x08000d1c   0x08000d1c   0x000000b2   Code   RO          670    i.HAL_SPI_Init      stm32f1xx_hal_spi.o
    0x08000dce   0x08000dce   0x00000002   PAD
    0x08000dd0   0x08000dd0   0x0000005c   Code   RO          589    i.HAL_SPI_MspInit   stm32f1xx_hal_msp.o
    0x08000e2c   0x08000e2c   0x0000016e   Code   RO          678    i.HAL_SPI_Transmit  stm32f1xx_hal_spi.o
    0x08000f9a   0x08000f9a   0x00000028   Code   RO         1469    i.HAL_SYSTICK_Config  stm32f1xx_hal_cortex.o
    0x08000fc2   0x08000fc2   0x00000002   Code   RO          494    i.HardFault_Handler  stm32f1xx_it.o
    0x08000fc4   0x08000fc4   0x00000050   Code   RO          348    i.Loss_Check        main.o
    0x08001014   0x08001014   0x00000048   Code   RO          349    i.Loss_Message      main.o
    0x0800105c   0x0800105c   0x00000108   Code   RO          350    i.MX_GPIO_Init      main.o
    0x08001164   0x08001164   0x00000044   Code   RO          351    i.MX_SPI1_Init      main.o
    0x080011a8   0x080011a8   0x00000002   Code   RO          495    i.MemManage_Handler  stm32f1xx_it.o
    0x080011aa   0x080011aa   0x00000002   PAD
    0x080011ac   0x080011ac   0x000000c4   Code   RO          352    i.Menu_Init         main.o
    0x08001270   0x08001270   0x00000002   Code   RO          496    i.NMI_Handler       stm32f1xx_it.o
    0x08001272   0x08001272   0x00000002   PAD
    0x08001274   0x08001274   0x00000040   Code   RO          353    i.New_Apple         main.o
    0x080012b4   0x080012b4   0x00000002   Code   RO          497    i.PendSV_Handler    stm32f1xx_it.o
    0x080012b6   0x080012b6   0x00000020   Code   RO          708    i.SPI_EndRxTxTransaction  stm32f1xx_hal_spi.o
    0x080012d6   0x080012d6   0x00000002   PAD
    0x080012d8   0x080012d8   0x000000b8   Code   RO          713    i.SPI_WaitFlagStateUntilTimeout  stm32f1xx_hal_spi.o
    0x08001390   0x08001390   0x00000084   Code   RO           46    i.ST7735_DrawString  st7735_1.o
    0x08001414   0x08001414   0x00000046   Code   RO           49    i.ST7735_ExecuteCommandList  st7735_1.o
    0x0800145a   0x0800145a   0x00000002   PAD
    0x0800145c   0x0800145c   0x000000b8   Code   RO           53    i.ST7735_FillRectangle  st7735_1.o
    0x08001514   0x08001514   0x0000001c   Code   RO           55    i.ST7735_FillScreen  st7735_1.o
    0x08001530   0x08001530   0x0000005c   Code   RO           60    i.ST7735_Init       st7735_1.o
    0x0800158c   0x0800158c   0x00000058   Code   RO           62    i.ST7735_SetAddressWindow  st7735_1.o
    0x080015e4   0x080015e4   0x000000a8   Code   RO           63    i.ST7735_SetRotation  st7735_1.o
    0x0800168c   0x0800168c   0x00000090   Code   RO           64    i.ST7735_WriteChar  st7735_1.o
    0x0800171c   0x0800171c   0x00000028   Code   RO           65    i.ST7735_WriteCommand  st7735_1.o
    0x08001744   0x08001744   0x0000002c   Code   RO           66    i.ST7735_WriteData  st7735_1.o
    0x08001770   0x08001770   0x00000002   Code   RO          498    i.SVC_Handler       stm32f1xx_it.o
    0x08001772   0x08001772   0x00000004   Code   RO          499    i.SysTick_Handler   stm32f1xx_it.o
    0x08001776   0x08001776   0x0000005e   Code   RO          354    i.SystemClock_Config  main.o
    0x080017d4   0x080017d4   0x00000002   Code   RO         1995    i.SystemInit        system_stm32f1xx.o
    0x080017d6   0x080017d6   0x00000002   Code   RO          500    i.UsageFault_Handler  stm32f1xx_it.o
    0x080017d8   0x080017d8   0x00000020   Code   RO         1471    i.__NVIC_SetPriority  stm32f1xx_hal_cortex.o
    0x080017f8   0x080017f8   0x00000018   Code   RO          355    i.goDown            main.o
    0x08001810   0x08001810   0x00000014   Code   RO          356    i.goLeft            main.o
    0x08001824   0x08001824   0x00000014   Code   RO          357    i.goRight           main.o
    0x08001838   0x08001838   0x00000018   Code   RO          358    i.goUp              main.o
    0x08001850   0x08001850   0x00000084   Code   RO          359    i.main              main.o
    0x080018d4   0x080018d4   0x0000076c   Data   RO           10    .constdata          fonts.o
    0x08002040   0x08002040   0x00000073   Data   RO           67    .constdata          st7735_1.o
    0x080020b3   0x080020b3   0x00000012   Data   RO         1169    .constdata          stm32f1xx_hal_rcc.o
    0x080020c5   0x080020c5   0x00000010   Data   RO         1996    .constdata          system_stm32f1xx.o
    0x080020d5   0x080020d5   0x00000003   PAD
    0x080020d8   0x080020d8   0x00000020   Data   RO         2307    Region$$Table       anon$$obj.o


    Execution Region RW_IRAM1 (Exec base: 0x20000000, Load base: 0x080020f8, Size: 0x00000b10, Max: 0x00005000, ABSOLUTE)

    Exec Addr    Load Addr    Size         Type   Attr      Idx    E Section Name        Object

    0x20000000   0x080020f8   0x00000008   Data   RW           13    .data               fonts.o
    0x20000008   0x08002100   0x0000000c   Data   RW           68    .data               st7735_1.o
    0x20000014   0x0800210c   0x00000030   Data   RW          361    .data               main.o
    0x20000044   0x0800213c   0x0000000c   Data   RW         1006    .data               stm32f1xx_hal.o
    0x20000050   0x08002148   0x00000004   Data   RW         1998    .data               system_stm32f1xx.o
    0x20000054        -       0x00000378   Zero   RW          360    .bss                main.o
    0x200003cc        -       0x000000e4   Zero   RW         2097    .bss                c_w.l(rand.o)
    0x200004b0        -       0x00000060   Zero   RW         2186    .bss                c_w.l(libspace.o)
    0x20000510        -       0x00000200   Zero   RW            2    HEAP                startup_stm32f103xb.o
    0x20000710        -       0x00000400   Zero   RW            1    STACK               startup_stm32f103xb.o


==============================================================================

Image component sizes


      Code (inc. data)   RO Data    RW Data    ZI Data      Debug   Object Name

         0          0       1900          8          0       5834   fonts.o
      1554        190          0         48        888      11089   main.o
       990         68        115         12          0     398000   st7735_1.o
        64         26        236          0       1536        888   startup_stm32f103xb.o
       164         28          0         12          0       6517   stm32f1xx_hal.o
       198         14          0          0          0      29403   stm32f1xx_hal_cortex.o
       530         40          0          0          0       4480   stm32f1xx_hal_gpio.o
       152         20          0          0          0       1772   stm32f1xx_hal_msp.o
      1176         60         18          0          0       4294   stm32f1xx_hal_rcc.o
       760          4          0          0          0       4770   stm32f1xx_hal_spi.o
        44          0          0          0          0       6606   stm32f1xx_it.o
         2          0         16          4          0       1347   system_stm32f1xx.o

    ----------------------------------------------------------------------
      5648        450       2320         84       2424     475000   Object Totals
         0          0         32          0          0          0   (incl. Generated)
        14          0          3          0          0          0   (incl. Padding)

    ----------------------------------------------------------------------

      Code (inc. data)   RO Data    RW Data    ZI Data      Debug   Library Member Name

         8          0          0          0          0         68   __main.o
         0          0          0          0          0          0   __rtentry.o
        12          0          0          0          0          0   __rtentry2.o
         6          0          0          0          0          0   __rtentry4.o
        52          8          0          0          0          0   __scatter.o
        26          0          0          0          0          0   __scatter_copy.o
        28          0          0          0          0          0   __scatter_zi.o
        18          0          0          0          0         80   exit.o
         6          0          0          0          0        152   heapauxi.o
         0          0          0          0          0          0   indicate_semi.o
         2          0          0          0          0          0   libinit.o
         6          0          0          0          0          0   libinit2.o
         2          0          0          0          0          0   libshutdown.o
         2          0          0          0          0          0   libshutdown2.o
         8          4          0          0         96         68   libspace.o
       112         18          0          0        228        160   rand.o
        78          0          0          0          0         80   rt_memclr_w.o
         2          0          0          0          0          0   rtexit.o
        10          0          0          0          0          0   rtexit2.o
        12          4          0          0          0         68   sys_exit.o
        74          0          0          0          0         80   sys_stackheap_outer.o
         2          0          0          0          0         68   use_no_semi.o

    ----------------------------------------------------------------------
       472         34          0          0        324        824   Library Totals
         6          0          0          0          0          0   (incl. Padding)

    ----------------------------------------------------------------------

      Code (inc. data)   RO Data    RW Data    ZI Data      Debug   Library Name

       466         34          0          0        324        824   c_w.l

    ----------------------------------------------------------------------
       472         34          0          0        324        824   Library Totals

    ----------------------------------------------------------------------

==============================================================================


      Code (inc. data)   RO Data    RW Data    ZI Data      Debug   

      6120        484       2320         84       2748     472492   Grand Totals
      6120        484       2320         84       2748     472492   ELF Image Totals
      6120        484       2320         84          0          0   ROM Totals

==============================================================================

    Total RO  Size (Code + RO Data)                 8440 (   8.24kB)
    Total RW  Size (RW Data + ZI Data)              2832 (   2.77kB)
    Total ROM Size (Code + RO Data + RW Data)       8524 (   8.32kB)

==============================================================================

